10.1084 	INFO 	Loaded monitor calibration from ['2026_04_02 13:06']
10.1952 	WARNING 	User requested fullscreen with size [1024  768], but screen is actually [1512, 982]. Using actual size
10.2957 	INFO 	Using renderer 'Apple M5' for graphics
10.2957 	INFO 	OpenGL version supported by driver is 2..
10.3300 	EXP 	Created window1 = Window(allowGUI=False, allowStencil=False, autoLog=True, backendConf=UNKNOWN, backgroundFit=<method-wrapper '__getattribute__' of attributeSetter object at 0x1467d0910>, backgroundImage=<method-wrapper '__getattribute__' of attributeSetter object at 0x1467d08b0>, bitsMode=UNKNOWN, blendMode='avg', bpc=(8, 8, 8), color=array([0, 0, 0]), colorSpace='rgb', depthBits=8, fullscr=True, gamma=None, gammaErrorPolicy='raise', infoMsg=UNKNOWN, lms=UNKNOWN, monitor=<psychopy.monitors.calibTools.Monitor object at 0x14687aa10>, multiSample=False, name='window1', numSamples=2, pos=[np.float64(0.0), np.float64(0.0)], screen=0, size=array([3024, 1964]), stencilBits=0, stereo=False, title='PsychoPy', units='height', useFBO=True, useRetina=True, viewOri=0.0, viewPos=None, viewScale=None, waitBlanking=True, winType='pyglet')
10.3301 	EXP 	window1: backgroundImage = ''
10.3301 	EXP 	window1: backgroundFit = 'none'
10.5324 	EXP 	window1: Attempting to measure frame rate of screen (0) ...
10.5324 	EXP 	window1: recordFrameIntervals = False
10.6560 	EXP 	window1: recordFrameIntervals = True
11.5013 	EXP 	window1: recordFrameIntervals = False
11.5014 	EXP 	Screen (0) actual frame rate measured at 121.51Hz
12.1120 	INFO 	keyboard.Keyboard is using ptb backend.
12.1121 	EXP 	Stroop2: status = STARTED
12.1346 	EXP 	Created ins = TextStim(__class__=<class 'psychopy.visual.text.TextStim'>, alignHoriz=method-wrapper(...), alignText='center', alignVert=method-wrapper(...), anchorHoriz='center', anchorVert='center', antialias=True, autoDraw=False, autoLog=True, bold=False, color=array([1., 1., 1.]), colorSpace='rgb', contrast=1.0, depth=0.0, draggable=False, flipHoriz=False, flipVert=False, font='Arial', fontFiles=[], height=np.float64(1.0), italic=False, languageStyle='LTR', name='ins', opacity=1, ori=0.0, pos=array([0., 0.]), rgb=UNKNOWN, text=str(...), units='pix', win=Window(...), wrapWidth=500)
12.1367 	EXP 	Created fixation = ShapeStim(__class__=<class 'psychopy.visual.shape.ShapeStim'>, anchor=('center', 'center'), autoDraw=False, autoLog=True, closeShape=True, color=method-wrapper(...), colorSpace='rgb', contrast=None, depth=0.0, draggable=False, fillColor=array([1, 1, 1]), fillColorSpace='rgb', fillRGB=array([1, 1, 1]), interpolate=True, lineColor=array([1., 1., 1.]), lineColorSpace='rgb', lineRGB=array([1, 1, 1]), lineWidth=1.0, name='fixation', opacity=1, ori=0.0, pos=array([0., 0.]), size=array([10., 10.]), units='pix', vertices=ndarray(...), win=Window(...), windingRule=None)
12.1370 	EXP 	Created text = TextStim(__class__=<class 'psychopy.visual.text.TextStim'>, alignHoriz=method-wrapper(...), alignText='center', alignVert=method-wrapper(...), anchorHoriz='center', anchorVert='center', antialias=True, autoDraw=False, autoLog=True, bold=False, color=array([1., 1., 1.]), colorSpace='rgb', contrast=1.0, depth=-1.0, draggable=False, flipHoriz=False, flipVert=False, font='Arial', fontFiles=[], height=0.05, italic=False, languageStyle='LTR', name='text', opacity=1, ori=0.0, pos=array([0., 0.]), rgb=UNKNOWN, text='', units='pix', win=Window(...), wrapWidth=500)
12.1402 	EXP 	Created thankyou = TextStim(__class__=<class 'psychopy.visual.text.TextStim'>, alignHoriz=method-wrapper(...), alignText='center', alignVert=method-wrapper(...), anchorHoriz='center', anchorVert='center', antialias=True, autoDraw=False, autoLog=True, bold=False, color=array([1., 1., 1.]), colorSpace='rgb', contrast=1.0, depth=0.0, draggable=False, flipHoriz=False, flipVert=False, font='Arial', fontFiles=[], height=np.float64(0.05), italic=False, languageStyle='LTR', name='thankyou', opacity=1, ori=0.0, pos=array([0., 0.]), rgb=UNKNOWN, text=str(...), units='height', win=Window(...), wrapWidth=1)
0.0196 	INFO 	Keyboard events cleared
0.0196 	EXP 	ins: autoDraw = True
49.6841 	DATA 	Keypress: space
49.6965 	EXP 	Device response: <KeyPress from None: t=49.68036812500213, value=space, duration=None>
49.6988 	EXP 	Imported /Users/ishapatel/Desktop/PSY310_Lab/psychopy1StroopTaskCond.xlsx as conditions, 4 conditions, 4 params
49.6991 	EXP 	New trial (rep=0, index=0): <Trial 0 (0 in rep 0) data={'word': 'BLUE', 'colour': 'red', 'stim_condition': 'I', 'correct_resp': 'r', 'thisN': 0, 'thisTrialN': 0, 'thisRepN': 0}>
49.7189 	EXP 	ins: autoDraw = False
49.7189 	EXP 	text: foreColor = <psychopy.colors.Color: red, alpha=1.0>
49.7189 	EXP 	text: height = np.float64(0.05)
49.7189 	EXP 	text: height = np.float64(0.05)
49.7189 	EXP 	text: height = np.float64(0.05)
49.7189 	EXP 	text: text = 'BLUE'
49.7189 	EXP 	fixation: autoDraw = True
49.7359 	EXP 	Device response: <KeyPress from None: t=49.68036812500213, value=space, duration=0.0544532909989357>
50.1940 	INFO 	Keyboard events cleared
50.1939 	EXP 	fixation: autoDraw = False
50.1939 	EXP 	text: autoDraw = True
51.1753 	DATA 	Keypress: r
51.1781 	EXP 	Device response: <KeyPress from None: t=51.17235095799697, value=r, duration=None>
51.1781 	EXP 	New trial (rep=0, index=1): <Trial 1 (1 in rep 0) data={'word': 'RED', 'colour': 'red', 'stim_condition': 'C', 'correct_resp': 'r', 'thisN': 1, 'thisTrialN': 1, 'thisRepN': 0}>
51.1852 	EXP 	fixation: autoDraw = False
51.1852 	EXP 	text: autoDraw = False
51.1852 	EXP 	text: foreColor = <psychopy.colors.Color: red, alpha=1.0>
51.1852 	EXP 	text: height = np.float64(0.05)
51.1852 	EXP 	text: height = np.float64(0.05)
51.1852 	EXP 	text: height = np.float64(0.05)
51.1852 	EXP 	text: text = 'RED'
51.1852 	EXP 	fixation: autoDraw = True
51.3355 	EXP 	Device response: <KeyPress from None: t=51.17235095799697, value=r, duration=0.15631041700544301>
51.6691 	INFO 	Keyboard events cleared
51.6691 	EXP 	fixation: autoDraw = False
51.6691 	EXP 	text: autoDraw = True
52.8414 	DATA 	Keypress: r
52.8440 	EXP 	Device response: <KeyPress from None: t=52.83629374999873, value=r, duration=None>
52.8441 	EXP 	New trial (rep=0, index=2): <Trial 2 (2 in rep 0) data={'word': 'BLUE', 'colour': 'blue', 'stim_condition': 'C', 'correct_resp': 'b', 'thisN': 2, 'thisTrialN': 2, 'thisRepN': 0}>
52.8520 	EXP 	fixation: autoDraw = False
52.8520 	EXP 	text: autoDraw = False
52.8520 	EXP 	text: foreColor = <psychopy.colors.Color: blue, alpha=1.0>
52.8520 	EXP 	text: height = np.float64(0.05)
52.8520 	EXP 	text: height = np.float64(0.05)
52.8520 	EXP 	text: height = np.float64(0.05)
52.8520 	EXP 	text: text = 'BLUE'
52.8520 	EXP 	fixation: autoDraw = True
52.9854 	EXP 	Device response: <KeyPress from None: t=52.83629374999873, value=r, duration=0.14427745799912373>
53.3358 	INFO 	Keyboard events cleared
53.3358 	EXP 	fixation: autoDraw = False
53.3358 	EXP 	text: autoDraw = True
53.8024 	EXP 	Device response: <KeyPress from None: t=53.79923258299823, value=b, duration=None>
53.8025 	EXP 	New trial (rep=0, index=3): <Trial 3 (3 in rep 0) data={'word': 'RED', 'colour': 'blue', 'stim_condition': 'I', 'correct_resp': 'b', 'thisN': 3, 'thisTrialN': 3, 'thisRepN': 0}>
53.8039 	DATA 	Keypress: b
53.8107 	EXP 	fixation: autoDraw = False
53.8107 	EXP 	text: autoDraw = False
53.8107 	EXP 	text: foreColor = <psychopy.colors.Color: blue, alpha=1.0>
53.8107 	EXP 	text: height = np.float64(0.05)
53.8107 	EXP 	text: height = np.float64(0.05)
53.8107 	EXP 	text: height = np.float64(0.05)
53.8107 	EXP 	text: text = 'RED'
53.8107 	EXP 	fixation: autoDraw = True
53.9856 	EXP 	Device response: <KeyPress from None: t=53.79923258299823, value=b, duration=0.180316917001619>
54.2933 	INFO 	Keyboard events cleared
54.2933 	EXP 	fixation: autoDraw = False
54.2933 	EXP 	text: autoDraw = True
54.9191 	EXP 	Device response: <KeyPress from None: t=54.918369207996875, value=b, duration=None>
54.9191 	EXP 	New trial (rep=1, index=0): <Trial 4 (0 in rep 1) data={'word': 'RED', 'colour': 'red', 'stim_condition': 'C', 'correct_resp': 'r', 'thisN': 4, 'thisTrialN': 0, 'thisRepN': 1}>
54.9217 	DATA 	Keypress: b
54.9273 	EXP 	fixation: autoDraw = False
54.9273 	EXP 	text: autoDraw = False
54.9273 	EXP 	text: foreColor = <psychopy.colors.Color: red, alpha=1.0>
54.9273 	EXP 	text: text = 'RED'
54.9273 	EXP 	fixation: autoDraw = True
55.0441 	EXP 	Device response: <KeyPress from None: t=54.918369207996875, value=b, duration=0.12012500000128057>
55.4100 	INFO 	Keyboard events cleared
55.4099 	EXP 	fixation: autoDraw = False
55.4099 	EXP 	text: autoDraw = True
56.7991 	DATA 	Keypress: r
56.8026 	EXP 	Device response: <KeyPress from None: t=56.796163790997525, value=r, duration=None>
56.8026 	EXP 	New trial (rep=1, index=1): <Trial 5 (1 in rep 1) data={'word': 'BLUE', 'colour': 'blue', 'stim_condition': 'C', 'correct_resp': 'b', 'thisN': 5, 'thisTrialN': 1, 'thisRepN': 1}>
56.8101 	EXP 	fixation: autoDraw = False
56.8101 	EXP 	text: autoDraw = False
56.8101 	EXP 	text: foreColor = <psychopy.colors.Color: blue, alpha=1.0>
56.8101 	EXP 	text: height = np.float64(0.05)
56.8101 	EXP 	text: height = np.float64(0.05)
56.8101 	EXP 	text: height = np.float64(0.05)
56.8101 	EXP 	text: text = 'BLUE'
56.8101 	EXP 	fixation: autoDraw = True
56.9776 	EXP 	Device response: <KeyPress from None: t=56.796163790997525, value=r, duration=0.18031125000561588>
57.2935 	INFO 	Keyboard events cleared
57.2934 	EXP 	fixation: autoDraw = False
57.2934 	EXP 	text: autoDraw = True
58.0108 	EXP 	Device response: <KeyPress from None: t=58.01012870800332, value=b, duration=None>
58.0109 	EXP 	New trial (rep=1, index=2): <Trial 6 (2 in rep 1) data={'word': 'RED', 'colour': 'blue', 'stim_condition': 'I', 'correct_resp': 'b', 'thisN': 6, 'thisTrialN': 2, 'thisRepN': 1}>
58.0144 	DATA 	Keypress: b
58.0189 	EXP 	fixation: autoDraw = False
58.0189 	EXP 	text: autoDraw = False
58.0189 	EXP 	text: foreColor = <psychopy.colors.Color: blue, alpha=1.0>
58.0189 	EXP 	text: height = np.float64(0.05)
58.0189 	EXP 	text: height = np.float64(0.05)
58.0189 	EXP 	text: height = np.float64(0.05)
58.0189 	EXP 	text: text = 'RED'
58.0189 	EXP 	fixation: autoDraw = True
58.1522 	EXP 	Device response: <KeyPress from None: t=58.01012870800332, value=b, duration=0.140278541999578>
58.5019 	INFO 	Keyboard events cleared
58.5018 	EXP 	fixation: autoDraw = False
58.5018 	EXP 	text: autoDraw = True
59.1857 	EXP 	Device response: <KeyPress from None: t=59.18410408299678, value=b, duration=None>
59.1858 	EXP 	New trial (rep=1, index=3): <Trial 7 (3 in rep 1) data={'word': 'BLUE', 'colour': 'red', 'stim_condition': 'I', 'correct_resp': 'r', 'thisN': 7, 'thisTrialN': 3, 'thisRepN': 1}>
59.1878 	DATA 	Keypress: b
59.1935 	EXP 	fixation: autoDraw = False
59.1935 	EXP 	text: autoDraw = False
59.1935 	EXP 	text: foreColor = <psychopy.colors.Color: red, alpha=1.0>
59.1935 	EXP 	text: height = np.float64(0.05)
59.1935 	EXP 	text: height = np.float64(0.05)
59.1935 	EXP 	text: height = np.float64(0.05)
59.1935 	EXP 	text: text = 'BLUE'
59.1935 	EXP 	fixation: autoDraw = True
59.3187 	EXP 	Device response: <KeyPress from None: t=59.18410408299678, value=b, duration=0.12823437500628643>
59.6773 	INFO 	Keyboard events cleared
59.6772 	EXP 	fixation: autoDraw = False
59.6772 	EXP 	text: autoDraw = True
60.3020 	EXP 	Device response: <KeyPress from None: t=60.29801404099999, value=r, duration=None>
60.3020 	EXP 	New trial (rep=2, index=0): <Trial 8 (0 in rep 2) data={'word': 'BLUE', 'colour': 'red', 'stim_condition': 'I', 'correct_resp': 'r', 'thisN': 8, 'thisTrialN': 0, 'thisRepN': 2}>
60.3028 	DATA 	Keypress: r
60.3102 	EXP 	fixation: autoDraw = False
60.3102 	EXP 	text: autoDraw = False
60.3102 	EXP 	text: foreColor = <psychopy.colors.Color: red, alpha=1.0>
60.3102 	EXP 	text: text = 'BLUE'
60.3102 	EXP 	fixation: autoDraw = True
60.4522 	EXP 	Device response: <KeyPress from None: t=60.29801404099999, value=r, duration=0.1522776249985327>
60.7939 	INFO 	Keyboard events cleared
60.7938 	EXP 	fixation: autoDraw = False
60.7938 	EXP 	text: autoDraw = True
61.5577 	DATA 	Keypress: r
61.5607 	EXP 	Device response: <KeyPress from None: t=61.554962957998214, value=r, duration=None>
61.5608 	EXP 	New trial (rep=2, index=1): <Trial 9 (1 in rep 2) data={'word': 'RED', 'colour': 'red', 'stim_condition': 'C', 'correct_resp': 'r', 'thisN': 9, 'thisTrialN': 1, 'thisRepN': 2}>
61.5685 	EXP 	fixation: autoDraw = False
61.5685 	EXP 	text: autoDraw = False
61.5685 	EXP 	text: foreColor = <psychopy.colors.Color: red, alpha=1.0>
61.5685 	EXP 	text: height = np.float64(0.05)
61.5685 	EXP 	text: height = np.float64(0.05)
61.5685 	EXP 	text: height = np.float64(0.05)
61.5685 	EXP 	text: text = 'RED'
61.5685 	EXP 	fixation: autoDraw = True
61.7104 	EXP 	Device response: <KeyPress from None: t=61.554962957998214, value=r, duration=0.1483098329990753>
62.0520 	INFO 	Keyboard events cleared
62.0519 	EXP 	fixation: autoDraw = False
62.0519 	EXP 	text: autoDraw = True
62.6022 	EXP 	Device response: <KeyPress from None: t=62.59892424999998, value=r, duration=None>
62.6023 	EXP 	New trial (rep=2, index=2): <Trial 10 (2 in rep 2) data={'word': 'BLUE', 'colour': 'blue', 'stim_condition': 'C', 'correct_resp': 'b', 'thisN': 10, 'thisTrialN': 2, 'thisRepN': 2}>
62.6036 	DATA 	Keypress: r
62.6100 	EXP 	fixation: autoDraw = False
62.6100 	EXP 	text: autoDraw = False
62.6100 	EXP 	text: foreColor = <psychopy.colors.Color: blue, alpha=1.0>
62.6100 	EXP 	text: height = np.float64(0.05)
62.6100 	EXP 	text: height = np.float64(0.05)
62.6100 	EXP 	text: height = np.float64(0.05)
62.6100 	EXP 	text: text = 'BLUE'
62.6100 	EXP 	fixation: autoDraw = True
62.7520 	EXP 	Device response: <KeyPress from None: t=62.59892424999998, value=r, duration=0.14442804099962814>
63.0938 	INFO 	Keyboard events cleared
63.0938 	EXP 	fixation: autoDraw = False
63.0938 	EXP 	text: autoDraw = True
63.6438 	EXP 	Device response: <KeyPress from None: t=63.641895375003514, value=b, duration=None>
63.6438 	EXP 	New trial (rep=2, index=3): <Trial 11 (3 in rep 2) data={'word': 'RED', 'colour': 'blue', 'stim_condition': 'I', 'correct_resp': 'b', 'thisN': 11, 'thisTrialN': 3, 'thisRepN': 2}>
63.6454 	DATA 	Keypress: b
63.6518 	EXP 	fixation: autoDraw = False
63.6518 	EXP 	text: autoDraw = False
63.6518 	EXP 	text: foreColor = <psychopy.colors.Color: blue, alpha=1.0>
63.6518 	EXP 	text: height = np.float64(0.05)
63.6518 	EXP 	text: height = np.float64(0.05)
63.6518 	EXP 	text: height = np.float64(0.05)
63.6518 	EXP 	text: text = 'RED'
63.6518 	EXP 	fixation: autoDraw = True
63.7686 	EXP 	Device response: <KeyPress from None: t=63.641895375003514, value=b, duration=0.12028295799973421>
64.1352 	INFO 	Keyboard events cleared
64.1351 	EXP 	fixation: autoDraw = False
64.1351 	EXP 	text: autoDraw = True
64.8437 	EXP 	Device response: <KeyPress from None: t=64.8418359999996, value=b, duration=None>
64.8438 	EXP 	New trial (rep=3, index=0): <Trial 12 (0 in rep 3) data={'word': 'RED', 'colour': 'red', 'stim_condition': 'C', 'correct_resp': 'r', 'thisN': 12, 'thisTrialN': 0, 'thisRepN': 3}>
64.8451 	DATA 	Keypress: b
64.8517 	EXP 	fixation: autoDraw = False
64.8517 	EXP 	text: autoDraw = False
64.8517 	EXP 	text: foreColor = <psychopy.colors.Color: red, alpha=1.0>
64.8517 	EXP 	text: text = 'RED'
64.8517 	EXP 	fixation: autoDraw = True
64.9606 	EXP 	Device response: <KeyPress from None: t=64.8418359999996, value=b, duration=0.11229925000225194>
65.3355 	INFO 	Keyboard events cleared
65.3354 	EXP 	fixation: autoDraw = False
65.3354 	EXP 	text: autoDraw = True
65.7468 	DATA 	Keypress: r
65.7523 	EXP 	Device response: <KeyPress from None: t=65.74381416600227, value=r, duration=None>
65.7524 	EXP 	New trial (rep=3, index=1): <Trial 13 (1 in rep 3) data={'word': 'BLUE', 'colour': 'blue', 'stim_condition': 'C', 'correct_resp': 'b', 'thisN': 13, 'thisTrialN': 1, 'thisRepN': 3}>
65.7605 	EXP 	fixation: autoDraw = False
65.7605 	EXP 	text: autoDraw = False
65.7605 	EXP 	text: foreColor = <psychopy.colors.Color: blue, alpha=1.0>
65.7605 	EXP 	text: height = np.float64(0.05)
65.7605 	EXP 	text: height = np.float64(0.05)
65.7605 	EXP 	text: height = np.float64(0.05)
65.7605 	EXP 	text: text = 'BLUE'
65.7605 	EXP 	fixation: autoDraw = True
65.8772 	EXP 	Device response: <KeyPress from None: t=65.74381416600227, value=r, duration=0.12828637499478646>
66.2438 	INFO 	Keyboard events cleared
66.2438 	EXP 	fixation: autoDraw = False
66.2438 	EXP 	text: autoDraw = True
66.6587 	DATA 	Keypress: b
66.6611 	EXP 	Device response: <KeyPress from None: t=66.65675958299835, value=b, duration=None>
66.6611 	EXP 	New trial (rep=3, index=2): <Trial 14 (2 in rep 3) data={'word': 'BLUE', 'colour': 'red', 'stim_condition': 'I', 'correct_resp': 'r', 'thisN': 14, 'thisTrialN': 2, 'thisRepN': 3}>
66.6685 	EXP 	fixation: autoDraw = False
66.6685 	EXP 	text: autoDraw = False
66.6685 	EXP 	text: foreColor = <psychopy.colors.Color: red, alpha=1.0>
66.6685 	EXP 	text: text = 'BLUE'
66.6685 	EXP 	fixation: autoDraw = True
66.7853 	EXP 	Device response: <KeyPress from None: t=66.65675958299835, value=b, duration=0.12432558300497476>
67.1602 	INFO 	Keyboard events cleared
67.1601 	EXP 	fixation: autoDraw = False
67.1601 	EXP 	text: autoDraw = True
67.8065 	DATA 	Keypress: r
67.8105 	EXP 	Device response: <KeyPress from None: t=67.80373145799967, value=r, duration=None>
67.8106 	EXP 	New trial (rep=3, index=3): <Trial 15 (3 in rep 3) data={'word': 'RED', 'colour': 'blue', 'stim_condition': 'I', 'correct_resp': 'b', 'thisN': 15, 'thisTrialN': 3, 'thisRepN': 3}>
67.8183 	EXP 	fixation: autoDraw = False
67.8183 	EXP 	text: autoDraw = False
67.8183 	EXP 	text: foreColor = <psychopy.colors.Color: blue, alpha=1.0>
67.8183 	EXP 	text: height = np.float64(0.05)
67.8183 	EXP 	text: height = np.float64(0.05)
67.8183 	EXP 	text: height = np.float64(0.05)
67.8183 	EXP 	text: text = 'RED'
67.8183 	EXP 	fixation: autoDraw = True
67.9689 	EXP 	Device response: <KeyPress from None: t=67.80373145799967, value=r, duration=0.1605139169987524>
68.3016 	INFO 	Keyboard events cleared
68.3016 	EXP 	fixation: autoDraw = False
68.3016 	EXP 	text: autoDraw = True
68.7915 	DATA 	Keypress: b
68.7938 	EXP 	Device response: <KeyPress from None: t=68.78870237500087, value=b, duration=None>
68.7938 	EXP 	New trial (rep=4, index=0): <Trial 16 (0 in rep 4) data={'word': 'BLUE', 'colour': 'blue', 'stim_condition': 'C', 'correct_resp': 'b', 'thisN': 16, 'thisTrialN': 0, 'thisRepN': 4}>
68.8016 	EXP 	fixation: autoDraw = False
68.8016 	EXP 	text: autoDraw = False
68.8016 	EXP 	text: foreColor = <psychopy.colors.Color: blue, alpha=1.0>
68.8016 	EXP 	text: height = np.float64(0.05)
68.8016 	EXP 	text: height = np.float64(0.05)
68.8016 	EXP 	text: height = np.float64(0.05)
68.8016 	EXP 	text: text = 'BLUE'
68.8016 	EXP 	fixation: autoDraw = True
68.8855 	EXP 	Device response: <KeyPress from None: t=68.78870237500087, value=b, duration=0.09643245799816214>
69.2850 	INFO 	Keyboard events cleared
69.2849 	EXP 	fixation: autoDraw = False
69.2849 	EXP 	text: autoDraw = True
69.8137 	DATA 	Keypress: b
69.8183 	EXP 	Device response: <KeyPress from None: t=69.81163383300009, value=b, duration=None>
69.8184 	EXP 	New trial (rep=4, index=1): <Trial 17 (1 in rep 4) data={'word': 'RED', 'colour': 'blue', 'stim_condition': 'I', 'correct_resp': 'b', 'thisN': 17, 'thisTrialN': 1, 'thisRepN': 4}>
69.8271 	EXP 	fixation: autoDraw = False
69.8271 	EXP 	text: autoDraw = False
69.8271 	EXP 	text: foreColor = <psychopy.colors.Color: blue, alpha=1.0>
69.8271 	EXP 	text: height = np.float64(0.05)
69.8271 	EXP 	text: height = np.float64(0.05)
69.8271 	EXP 	text: height = np.float64(0.05)
69.8271 	EXP 	text: text = 'RED'
69.8271 	EXP 	fixation: autoDraw = True
69.9436 	EXP 	Device response: <KeyPress from None: t=69.81163383300009, value=b, duration=0.12430979200144066>
70.3105 	INFO 	Keyboard events cleared
70.3105 	EXP 	fixation: autoDraw = False
70.3105 	EXP 	text: autoDraw = True
70.7936 	EXP 	Device response: <KeyPress from None: t=70.79282441599935, value=b, duration=None>
70.7936 	EXP 	New trial (rep=4, index=2): <Trial 18 (2 in rep 4) data={'word': 'BLUE', 'colour': 'red', 'stim_condition': 'I', 'correct_resp': 'r', 'thisN': 18, 'thisTrialN': 2, 'thisRepN': 4}>
70.7968 	DATA 	Keypress: b
70.8021 	EXP 	fixation: autoDraw = False
70.8021 	EXP 	text: autoDraw = False
70.8021 	EXP 	text: foreColor = <psychopy.colors.Color: red, alpha=1.0>
70.8021 	EXP 	text: height = np.float64(0.05)
70.8021 	EXP 	text: height = np.float64(0.05)
70.8021 	EXP 	text: height = np.float64(0.05)
70.8021 	EXP 	text: text = 'BLUE'
70.8021 	EXP 	fixation: autoDraw = True
70.9520 	EXP 	Device response: <KeyPress from None: t=70.79282441599935, value=b, duration=0.15609258400218096>
71.2850 	INFO 	Keyboard events cleared
71.2850 	EXP 	fixation: autoDraw = False
71.2850 	EXP 	text: autoDraw = True
71.6690 	EXP 	Device response: <KeyPress from None: t=71.66780512499827, value=r, duration=None>
71.6691 	EXP 	New trial (rep=4, index=3): <Trial 19 (3 in rep 4) data={'word': 'RED', 'colour': 'red', 'stim_condition': 'C', 'correct_resp': 'r', 'thisN': 19, 'thisTrialN': 3, 'thisRepN': 4}>
71.6718 	DATA 	Keypress: r
71.6765 	EXP 	fixation: autoDraw = False
71.6765 	EXP 	text: autoDraw = False
71.6765 	EXP 	text: foreColor = <psychopy.colors.Color: red, alpha=1.0>
71.6765 	EXP 	text: height = np.float64(0.05)
71.6765 	EXP 	text: height = np.float64(0.05)
71.6765 	EXP 	text: height = np.float64(0.05)
71.6765 	EXP 	text: text = 'RED'
71.6765 	EXP 	fixation: autoDraw = True
71.8023 	EXP 	Device response: <KeyPress from None: t=71.66780512499827, value=r, duration=0.13209075000486337>
72.1599 	INFO 	Keyboard events cleared
72.1599 	EXP 	fixation: autoDraw = False
72.1599 	EXP 	text: autoDraw = True
72.5605 	EXP 	Device response: <KeyPress from None: t=72.55860779099748, value=r, duration=None>
72.5606 	EXP 	New trial (rep=5, index=0): <Trial 20 (0 in rep 5) data={'word': 'BLUE', 'colour': 'red', 'stim_condition': 'I', 'correct_resp': 'r', 'thisN': 20, 'thisTrialN': 0, 'thisRepN': 5}>
72.5623 	DATA 	Keypress: r
72.5683 	EXP 	fixation: autoDraw = False
72.5683 	EXP 	text: autoDraw = False
72.5683 	EXP 	text: foreColor = <psychopy.colors.Color: red, alpha=1.0>
72.5683 	EXP 	text: height = np.float64(0.05)
72.5683 	EXP 	text: height = np.float64(0.05)
72.5683 	EXP 	text: height = np.float64(0.05)
72.5683 	EXP 	text: text = 'BLUE'
72.5683 	EXP 	fixation: autoDraw = True
72.6602 	EXP 	Device response: <KeyPress from None: t=72.55860779099748, value=r, duration=0.10026700000162236>
73.0517 	INFO 	Keyboard events cleared
73.0517 	EXP 	fixation: autoDraw = False
73.0517 	EXP 	text: autoDraw = True
73.6189 	EXP 	Device response: <KeyPress from None: t=73.61649729099736, value=r, duration=None>
73.6190 	EXP 	New trial (rep=5, index=1): <Trial 21 (1 in rep 5) data={'word': 'BLUE', 'colour': 'blue', 'stim_condition': 'C', 'correct_resp': 'b', 'thisN': 21, 'thisTrialN': 1, 'thisRepN': 5}>
73.6196 	DATA 	Keypress: r
73.6265 	EXP 	fixation: autoDraw = False
73.6265 	EXP 	text: autoDraw = False
73.6265 	EXP 	text: foreColor = <psychopy.colors.Color: blue, alpha=1.0>
73.6265 	EXP 	text: text = 'BLUE'
73.6265 	EXP 	fixation: autoDraw = True
73.7272 	EXP 	Device response: <KeyPress from None: t=73.61649729099736, value=r, duration=0.10430354200070724>
74.1098 	INFO 	Keyboard events cleared
74.1098 	EXP 	fixation: autoDraw = False
74.1098 	EXP 	text: autoDraw = True
74.8688 	EXP 	Device response: <KeyPress from None: t=74.8676603749991, value=b, duration=None>
74.8689 	EXP 	New trial (rep=5, index=2): <Trial 22 (2 in rep 5) data={'word': 'RED', 'colour': 'red', 'stim_condition': 'C', 'correct_resp': 'r', 'thisN': 22, 'thisTrialN': 2, 'thisRepN': 5}>
74.8711 	DATA 	Keypress: b
74.8767 	EXP 	fixation: autoDraw = False
74.8767 	EXP 	text: autoDraw = False
74.8767 	EXP 	text: foreColor = <psychopy.colors.Color: red, alpha=1.0>
74.8767 	EXP 	text: height = np.float64(0.05)
74.8767 	EXP 	text: height = np.float64(0.05)
74.8767 	EXP 	text: height = np.float64(0.05)
74.8767 	EXP 	text: text = 'RED'
74.8767 	EXP 	fixation: autoDraw = True
75.0270 	EXP 	Device response: <KeyPress from None: t=74.8676603749991, value=b, duration=0.152121208004246>
75.3604 	INFO 	Keyboard events cleared
75.3604 	EXP 	fixation: autoDraw = False
75.3604 	EXP 	text: autoDraw = True
75.9355 	EXP 	Device response: <KeyPress from None: t=75.93443995800044, value=r, duration=None>
75.9356 	EXP 	New trial (rep=5, index=3): <Trial 23 (3 in rep 5) data={'word': 'RED', 'colour': 'blue', 'stim_condition': 'I', 'correct_resp': 'b', 'thisN': 23, 'thisTrialN': 3, 'thisRepN': 5}>
75.9383 	DATA 	Keypress: r
75.9436 	EXP 	fixation: autoDraw = False
75.9436 	EXP 	text: autoDraw = False
75.9436 	EXP 	text: foreColor = <psychopy.colors.Color: blue, alpha=1.0>
75.9436 	EXP 	text: text = 'RED'
75.9436 	EXP 	fixation: autoDraw = True
76.0602 	EXP 	Device response: <KeyPress from None: t=75.93443995800044, value=r, duration=0.12027416699856985>
76.4354 	INFO 	Keyboard events cleared
76.4353 	EXP 	fixation: autoDraw = False
76.4353 	EXP 	text: autoDraw = True
77.1353 	EXP 	Device response: <KeyPress from None: t=77.13136870800372, value=b, duration=None>
77.1354 	EXP 	New trial (rep=6, index=0): <Trial 24 (0 in rep 6) data={'word': 'BLUE', 'colour': 'red', 'stim_condition': 'I', 'correct_resp': 'r', 'thisN': 24, 'thisTrialN': 0, 'thisRepN': 6}>
77.1367 	DATA 	Keypress: b
77.1432 	EXP 	fixation: autoDraw = False
77.1432 	EXP 	text: autoDraw = False
77.1432 	EXP 	text: foreColor = <psychopy.colors.Color: red, alpha=1.0>
77.1432 	EXP 	text: height = np.float64(0.05)
77.1432 	EXP 	text: height = np.float64(0.05)
77.1432 	EXP 	text: height = np.float64(0.05)
77.1432 	EXP 	text: text = 'BLUE'
77.1432 	EXP 	fixation: autoDraw = True
77.2439 	EXP 	Device response: <KeyPress from None: t=77.13136870800372, value=b, duration=0.10430274999816902>
77.6263 	INFO 	Keyboard events cleared
77.6262 	EXP 	fixation: autoDraw = False
77.6262 	EXP 	text: autoDraw = True
78.3771 	EXP 	Device response: <KeyPress from None: t=78.37640762500087, value=r, duration=None>
78.3771 	EXP 	New trial (rep=6, index=1): <Trial 25 (1 in rep 6) data={'word': 'BLUE', 'colour': 'blue', 'stim_condition': 'C', 'correct_resp': 'b', 'thisN': 25, 'thisTrialN': 1, 'thisRepN': 6}>
78.3798 	DATA 	Keypress: r
78.3853 	EXP 	fixation: autoDraw = False
78.3853 	EXP 	text: autoDraw = False
78.3853 	EXP 	text: foreColor = <psychopy.colors.Color: blue, alpha=1.0>
78.3853 	EXP 	text: text = 'BLUE'
78.3853 	EXP 	fixation: autoDraw = True
78.5352 	EXP 	Device response: <KeyPress from None: t=78.37640762500087, value=r, duration=0.15623670799686806>
78.8686 	INFO 	Keyboard events cleared
78.8686 	EXP 	fixation: autoDraw = False
78.8686 	EXP 	text: autoDraw = True
79.7553 	DATA 	Keypress: b
79.7601 	EXP 	Device response: <KeyPress from None: t=79.7522590410008, value=b, duration=None>
79.7602 	EXP 	New trial (rep=6, index=2): <Trial 26 (2 in rep 6) data={'word': 'RED', 'colour': 'blue', 'stim_condition': 'I', 'correct_resp': 'b', 'thisN': 26, 'thisTrialN': 2, 'thisRepN': 6}>
79.7682 	EXP 	fixation: autoDraw = False
79.7682 	EXP 	text: autoDraw = False
79.7682 	EXP 	text: foreColor = <psychopy.colors.Color: blue, alpha=1.0>
79.7682 	EXP 	text: height = np.float64(0.05)
79.7682 	EXP 	text: height = np.float64(0.05)
79.7682 	EXP 	text: height = np.float64(0.05)
79.7682 	EXP 	text: text = 'RED'
79.7682 	EXP 	fixation: autoDraw = True
79.8684 	EXP 	Device response: <KeyPress from None: t=79.7522590410008, value=b, duration=0.10830154200084507>
80.2516 	INFO 	Keyboard events cleared
80.2515 	EXP 	fixation: autoDraw = False
80.2515 	EXP 	text: autoDraw = True
81.0020 	EXP 	Device response: <KeyPress from None: t=80.99922608299676, value=b, duration=None>
81.0021 	EXP 	New trial (rep=6, index=3): <Trial 27 (3 in rep 6) data={'word': 'RED', 'colour': 'red', 'stim_condition': 'C', 'correct_resp': 'r', 'thisN': 27, 'thisTrialN': 3, 'thisRepN': 6}>
81.0028 	DATA 	Keypress: b
81.0098 	EXP 	fixation: autoDraw = False
81.0098 	EXP 	text: autoDraw = False
81.0098 	EXP 	text: foreColor = <psychopy.colors.Color: red, alpha=1.0>
81.0098 	EXP 	text: text = 'RED'
81.0098 	EXP 	fixation: autoDraw = True
81.1186 	EXP 	Device response: <KeyPress from None: t=80.99922608299676, value=b, duration=0.11632787500275299>
81.4935 	INFO 	Keyboard events cleared
81.4935 	EXP 	fixation: autoDraw = False
81.4935 	EXP 	text: autoDraw = True
82.0549 	DATA 	Keypress: r
82.0603 	EXP 	Device response: <KeyPress from None: t=82.05217341599928, value=r, duration=None>
82.0604 	EXP 	New trial (rep=7, index=0): <Trial 28 (0 in rep 7) data={'word': 'BLUE', 'colour': 'red', 'stim_condition': 'I', 'correct_resp': 'r', 'thisN': 28, 'thisTrialN': 0, 'thisRepN': 7}>
82.0681 	EXP 	fixation: autoDraw = False
82.0681 	EXP 	text: autoDraw = False
82.0681 	EXP 	text: foreColor = <psychopy.colors.Color: red, alpha=1.0>
82.0681 	EXP 	text: height = np.float64(0.05)
82.0681 	EXP 	text: height = np.float64(0.05)
82.0681 	EXP 	text: height = np.float64(0.05)
82.0681 	EXP 	text: text = 'BLUE'
82.0681 	EXP 	fixation: autoDraw = True
82.1850 	EXP 	Device response: <KeyPress from None: t=82.05217341599928, value=r, duration=0.12433975000021746>
82.5514 	INFO 	Keyboard events cleared
82.5514 	EXP 	fixation: autoDraw = False
82.5514 	EXP 	text: autoDraw = True
83.2603 	EXP 	Device response: <KeyPress from None: t=83.25812250000308, value=r, duration=None>
83.2603 	EXP 	New trial (rep=7, index=1): <Trial 29 (1 in rep 7) data={'word': 'BLUE', 'colour': 'blue', 'stim_condition': 'C', 'correct_resp': 'b', 'thisN': 29, 'thisTrialN': 1, 'thisRepN': 7}>
83.2617 	DATA 	Keypress: r
83.2682 	EXP 	fixation: autoDraw = False
83.2682 	EXP 	text: autoDraw = False
83.2682 	EXP 	text: foreColor = <psychopy.colors.Color: blue, alpha=1.0>
83.2682 	EXP 	text: text = 'BLUE'
83.2682 	EXP 	fixation: autoDraw = True
83.3766 	EXP 	Device response: <KeyPress from None: t=83.25812250000308, value=r, duration=0.11231666599633172>
83.7516 	INFO 	Keyboard events cleared
83.7515 	EXP 	fixation: autoDraw = False
83.7515 	EXP 	text: autoDraw = True
84.3559 	DATA 	Keypress: b
84.3598 	EXP 	Device response: <KeyPress from None: t=84.35312912499649, value=b, duration=None>
84.3599 	EXP 	New trial (rep=7, index=2): <Trial 30 (2 in rep 7) data={'word': 'RED', 'colour': 'red', 'stim_condition': 'C', 'correct_resp': 'r', 'thisN': 30, 'thisTrialN': 2, 'thisRepN': 7}>
84.3680 	EXP 	fixation: autoDraw = False
84.3680 	EXP 	text: autoDraw = False
84.3680 	EXP 	text: foreColor = <psychopy.colors.Color: red, alpha=1.0>
84.3680 	EXP 	text: height = np.float64(0.05)
84.3680 	EXP 	text: height = np.float64(0.05)
84.3680 	EXP 	text: height = np.float64(0.05)
84.3680 	EXP 	text: text = 'RED'
84.3680 	EXP 	fixation: autoDraw = True
84.4932 	EXP 	Device response: <KeyPress from None: t=84.35312912499649, value=b, duration=0.13629258300352376>
84.8518 	INFO 	Keyboard events cleared
84.8518 	EXP 	fixation: autoDraw = False
84.8518 	EXP 	text: autoDraw = True
85.5019 	EXP 	Device response: <KeyPress from None: t=85.49907612500101, value=r, duration=None>
85.5020 	EXP 	New trial (rep=7, index=3): <Trial 31 (3 in rep 7) data={'word': 'RED', 'colour': 'blue', 'stim_condition': 'I', 'correct_resp': 'b', 'thisN': 31, 'thisTrialN': 3, 'thisRepN': 7}>
85.5026 	DATA 	Keypress: r
85.5098 	EXP 	fixation: autoDraw = False
85.5098 	EXP 	text: autoDraw = False
85.5098 	EXP 	text: foreColor = <psychopy.colors.Color: blue, alpha=1.0>
85.5098 	EXP 	text: text = 'RED'
85.5098 	EXP 	fixation: autoDraw = True
85.6686 	EXP 	Device response: <KeyPress from None: t=85.49907612500101, value=r, duration=0.16849495800124714>
85.9936 	INFO 	Keyboard events cleared
85.9936 	EXP 	fixation: autoDraw = False
85.9936 	EXP 	text: autoDraw = True
86.9730 	DATA 	Keypress: r
86.9771 	EXP 	Device response: <KeyPress from None: t=86.97099170800357, value=r, duration=None>
86.9771 	EXP 	New trial (rep=8, index=0): <Trial 32 (0 in rep 8) data={'word': 'RED', 'colour': 'red', 'stim_condition': 'C', 'correct_resp': 'r', 'thisN': 32, 'thisTrialN': 0, 'thisRepN': 8}>
86.9844 	EXP 	fixation: autoDraw = False
86.9844 	EXP 	text: autoDraw = False
86.9844 	EXP 	text: foreColor = <psychopy.colors.Color: red, alpha=1.0>
86.9844 	EXP 	text: text = 'RED'
86.9844 	EXP 	fixation: autoDraw = True
87.1351 	EXP 	Device response: <KeyPress from None: t=86.97099170800357, value=r, duration=0.156318666995503>
87.4684 	INFO 	Keyboard events cleared
87.4684 	EXP 	fixation: autoDraw = False
87.4684 	EXP 	text: autoDraw = True
88.8684 	EXP 	Device response: <KeyPress from None: t=88.86495395800011, value=r, duration=None>
88.8685 	EXP 	New trial (rep=8, index=1): <Trial 33 (1 in rep 8) data={'word': 'BLUE', 'colour': 'red', 'stim_condition': 'I', 'correct_resp': 'r', 'thisN': 33, 'thisTrialN': 1, 'thisRepN': 8}>
88.8697 	DATA 	Keypress: r
88.8763 	EXP 	fixation: autoDraw = False
88.8763 	EXP 	text: autoDraw = False
88.8763 	EXP 	text: foreColor = <psychopy.colors.Color: red, alpha=1.0>
88.8763 	EXP 	text: height = np.float64(0.05)
88.8763 	EXP 	text: height = np.float64(0.05)
88.8763 	EXP 	text: height = np.float64(0.05)
88.8763 	EXP 	text: text = 'BLUE'
88.8763 	EXP 	fixation: autoDraw = True
88.9936 	EXP 	Device response: <KeyPress from None: t=88.86495395800011, value=r, duration=0.12842437499784864>
89.3601 	INFO 	Keyboard events cleared
89.3600 	EXP 	fixation: autoDraw = False
89.3600 	EXP 	text: autoDraw = True
90.2827 	DATA 	Keypress: r
90.2849 	EXP 	Device response: <KeyPress from None: t=90.27990175000014, value=r, duration=None>
90.2849 	EXP 	New trial (rep=8, index=2): <Trial 34 (2 in rep 8) data={'word': 'BLUE', 'colour': 'blue', 'stim_condition': 'C', 'correct_resp': 'b', 'thisN': 34, 'thisTrialN': 2, 'thisRepN': 8}>
90.2931 	EXP 	fixation: autoDraw = False
90.2931 	EXP 	text: autoDraw = False
90.2931 	EXP 	text: foreColor = <psychopy.colors.Color: blue, alpha=1.0>
90.2931 	EXP 	text: text = 'BLUE'
90.2931 	EXP 	fixation: autoDraw = True
90.4019 	EXP 	Device response: <KeyPress from None: t=90.27990175000014, value=r, duration=0.12036587500188034>
90.7762 	INFO 	Keyboard events cleared
90.7761 	EXP 	fixation: autoDraw = False
90.7761 	EXP 	text: autoDraw = True
91.3646 	DATA 	Keypress: b
91.3683 	EXP 	Device response: <KeyPress from None: t=91.36187162499846, value=b, duration=None>
91.3684 	EXP 	New trial (rep=8, index=3): <Trial 35 (3 in rep 8) data={'word': 'RED', 'colour': 'blue', 'stim_condition': 'I', 'correct_resp': 'b', 'thisN': 35, 'thisTrialN': 3, 'thisRepN': 8}>
91.3767 	EXP 	fixation: autoDraw = False
91.3767 	EXP 	text: autoDraw = False
91.3767 	EXP 	text: foreColor = <psychopy.colors.Color: blue, alpha=1.0>
91.3767 	EXP 	text: height = np.float64(0.05)
91.3767 	EXP 	text: height = np.float64(0.05)
91.3767 	EXP 	text: height = np.float64(0.05)
91.3767 	EXP 	text: text = 'RED'
91.3767 	EXP 	fixation: autoDraw = True
91.4846 	EXP 	Device response: <KeyPress from None: t=91.36187162499846, value=b, duration=0.12027025000134017>
91.8600 	INFO 	Keyboard events cleared
91.8600 	EXP 	fixation: autoDraw = False
91.8600 	EXP 	text: autoDraw = True
92.4641 	DATA 	Keypress: b
92.4686 	EXP 	Device response: <KeyPress from None: t=92.46078983299958, value=b, duration=None>
92.4686 	EXP 	New trial (rep=9, index=0): <Trial 36 (0 in rep 9) data={'word': 'RED', 'colour': 'red', 'stim_condition': 'C', 'correct_resp': 'r', 'thisN': 36, 'thisTrialN': 0, 'thisRepN': 9}>
92.4766 	EXP 	fixation: autoDraw = False
92.4766 	EXP 	text: autoDraw = False
92.4766 	EXP 	text: foreColor = <psychopy.colors.Color: red, alpha=1.0>
92.4766 	EXP 	text: text = 'RED'
92.4766 	EXP 	fixation: autoDraw = True
92.5850 	EXP 	Device response: <KeyPress from None: t=92.46078983299958, value=b, duration=0.12033341699861921>
92.9600 	INFO 	Keyboard events cleared
92.9600 	EXP 	fixation: autoDraw = False
92.9600 	EXP 	text: autoDraw = True
93.6148 	DATA 	Keypress: r
93.6182 	EXP 	Device response: <KeyPress from None: t=93.61276337500021, value=r, duration=None>
93.6182 	EXP 	New trial (rep=9, index=1): <Trial 37 (1 in rep 9) data={'word': 'BLUE', 'colour': 'red', 'stim_condition': 'I', 'correct_resp': 'r', 'thisN': 37, 'thisTrialN': 1, 'thisRepN': 9}>
93.6264 	EXP 	fixation: autoDraw = False
93.6264 	EXP 	text: autoDraw = False
93.6264 	EXP 	text: foreColor = <psychopy.colors.Color: red, alpha=1.0>
93.6264 	EXP 	text: height = np.float64(0.05)
93.6264 	EXP 	text: height = np.float64(0.05)
93.6264 	EXP 	text: height = np.float64(0.05)
93.6264 	EXP 	text: text = 'BLUE'
93.6264 	EXP 	fixation: autoDraw = True
93.7432 	EXP 	Device response: <KeyPress from None: t=93.61276337500021, value=r, duration=0.12431945800199173>
94.1101 	INFO 	Keyboard events cleared
94.1100 	EXP 	fixation: autoDraw = False
94.1100 	EXP 	text: autoDraw = True
95.0566 	DATA 	Keypress: r
95.0603 	EXP 	Device response: <KeyPress from None: t=95.05373266599781, value=r, duration=None>
95.0604 	EXP 	New trial (rep=9, index=2): <Trial 38 (2 in rep 9) data={'word': 'BLUE', 'colour': 'blue', 'stim_condition': 'C', 'correct_resp': 'b', 'thisN': 38, 'thisTrialN': 2, 'thisRepN': 9}>
95.0683 	EXP 	fixation: autoDraw = False
95.0683 	EXP 	text: autoDraw = False
95.0683 	EXP 	text: foreColor = <psychopy.colors.Color: blue, alpha=1.0>
95.0683 	EXP 	text: text = 'BLUE'
95.0683 	EXP 	fixation: autoDraw = True
95.1852 	EXP 	Device response: <KeyPress from None: t=95.05373266599781, value=r, duration=0.12829833399882773>
95.5517 	INFO 	Keyboard events cleared
95.5516 	EXP 	fixation: autoDraw = False
95.5516 	EXP 	text: autoDraw = True
96.3018 	EXP 	Device response: <KeyPress from None: t=96.29965629099752, value=b, duration=None>
96.3019 	EXP 	New trial (rep=9, index=3): <Trial 39 (3 in rep 9) data={'word': 'RED', 'colour': 'blue', 'stim_condition': 'I', 'correct_resp': 'b', 'thisN': 39, 'thisTrialN': 3, 'thisRepN': 9}>
96.3032 	DATA 	Keypress: b
96.3095 	EXP 	fixation: autoDraw = False
96.3095 	EXP 	text: autoDraw = False
96.3095 	EXP 	text: foreColor = <psychopy.colors.Color: blue, alpha=1.0>
96.3095 	EXP 	text: height = np.float64(0.05)
96.3095 	EXP 	text: height = np.float64(0.05)
96.3095 	EXP 	text: height = np.float64(0.05)
96.3095 	EXP 	text: text = 'RED'
96.3095 	EXP 	fixation: autoDraw = True
96.4345 	EXP 	Device response: <KeyPress from None: t=96.29965629099752, value=b, duration=0.13232375000370666>
96.7934 	INFO 	Keyboard events cleared
96.7934 	EXP 	fixation: autoDraw = False
96.7934 	EXP 	text: autoDraw = True
98.0099 	EXP 	Device response: <KeyPress from None: t=98.00659329100017, value=b, duration=None>
98.0109 	DATA 	Keypress: b
98.0179 	EXP 	fixation: autoDraw = False
98.0179 	EXP 	text: autoDraw = False
98.0179 	EXP 	thankyou: autoDraw = True
98.1601 	EXP 	Device response: <KeyPress from None: t=98.00659329100017, value=b, duration=0.14830770900152856>
100.0099 	EXP 	thankyou: autoDraw = False
100.0099 	EXP 	thankyou: autoDraw = False
100.0099 	EXP 	Stroop2: status = STOPPED
100.0154 	INFO 	saved data to '/Users/ishapatel/Desktop/PSY310_Lab/data/H_Stroop2_2026-09-06_18h06.23.318.csv'
100.0157 	INFO 	saved data to /Users/ishapatel/Desktop/PSY310_Lab/data/H_Stroop2_2026-09-06_18h06.23.318.psydat
100.1392 	INFO 	Stopping keyboard key buffers.
