5.1880 	INFO 	Loaded monitor calibration from ['2026_04_02 13:06']
5.2635 	WARNING 	User requested fullscreen with size [1024  768], but screen is actually [1512, 982]. Using actual size
5.3629 	INFO 	Using renderer 'Apple M5' for graphics
5.3629 	INFO 	OpenGL version supported by driver is 2..
5.3949 	EXP 	Created window1 = Window(allowGUI=False, allowStencil=False, autoLog=True, backendConf=UNKNOWN, backgroundFit=<method-wrapper '__getattribute__' of attributeSetter object at 0x148e28c10>, backgroundImage=<method-wrapper '__getattribute__' of attributeSetter object at 0x148e28bb0>, bitsMode=UNKNOWN, blendMode='avg', bpc=(8, 8, 8), color=array([0, 0, 0]), colorSpace='rgb', depthBits=8, fullscr=True, gamma=None, gammaErrorPolicy='raise', infoMsg=UNKNOWN, lms=UNKNOWN, monitor=<psychopy.monitors.calibTools.Monitor object at 0x148ed6d10>, multiSample=False, name='window1', numSamples=2, pos=[np.float64(0.0), np.float64(0.0)], screen=0, size=array([3024, 1964]), stencilBits=0, stereo=False, title='PsychoPy', units='height', useFBO=True, useRetina=True, viewOri=0.0, viewPos=None, viewScale=None, waitBlanking=True, winType='pyglet')
5.3949 	EXP 	window1: backgroundImage = ''
5.3949 	EXP 	window1: backgroundFit = 'none'
5.5962 	EXP 	window1: Attempting to measure frame rate of screen (0) ...
5.5962 	EXP 	window1: recordFrameIntervals = False
5.7083 	EXP 	window1: recordFrameIntervals = True
6.5411 	EXP 	window1: recordFrameIntervals = False
6.5412 	EXP 	Screen (0) actual frame rate measured at 119.86Hz
7.0202 	INFO 	keyboard.Keyboard is using ptb backend.
7.0202 	EXP 	Stroop2: status = STARTED
7.0384 	EXP 	Created ins = TextStim(__class__=<class 'psychopy.visual.text.TextStim'>, alignHoriz=method-wrapper(...), alignText='center', alignVert=method-wrapper(...), anchorHoriz='center', anchorVert='center', antialias=True, autoDraw=False, autoLog=True, bold=False, color=array([1., 1., 1.]), colorSpace='rgb', contrast=1.0, depth=0.0, draggable=False, flipHoriz=False, flipVert=False, font='Arial', fontFiles=[], height=np.float64(1.0), italic=False, languageStyle='LTR', name='ins', opacity=1, ori=0.0, pos=array([0., 0.]), rgb=UNKNOWN, text=str(...), units='pix', win=Window(...), wrapWidth=500)
7.0404 	EXP 	Created fixation = ShapeStim(__class__=<class 'psychopy.visual.shape.ShapeStim'>, anchor=('center', 'center'), autoDraw=False, autoLog=True, closeShape=True, color=method-wrapper(...), colorSpace='rgb', contrast=None, depth=0.0, draggable=False, fillColor=array([1, 1, 1]), fillColorSpace='rgb', fillRGB=array([1, 1, 1]), interpolate=True, lineColor=array([1., 1., 1.]), lineColorSpace='rgb', lineRGB=array([1, 1, 1]), lineWidth=1.0, name='fixation', opacity=1, ori=0.0, pos=array([0., 0.]), size=array([10., 10.]), units='pix', vertices=ndarray(...), win=Window(...), windingRule=None)
7.0407 	EXP 	Created text = TextStim(__class__=<class 'psychopy.visual.text.TextStim'>, alignHoriz=method-wrapper(...), alignText='center', alignVert=method-wrapper(...), anchorHoriz='center', anchorVert='center', antialias=True, autoDraw=False, autoLog=True, bold=False, color=array([1., 1., 1.]), colorSpace='rgb', contrast=1.0, depth=-1.0, draggable=False, flipHoriz=False, flipVert=False, font='Arial', fontFiles=[], height=0.05, italic=False, languageStyle='LTR', name='text', opacity=1, ori=0.0, pos=array([0., 0.]), rgb=UNKNOWN, text='', units='pix', win=Window(...), wrapWidth=500)
7.0436 	EXP 	Created thankyou = TextStim(__class__=<class 'psychopy.visual.text.TextStim'>, alignHoriz=method-wrapper(...), alignText='center', alignVert=method-wrapper(...), anchorHoriz='center', anchorVert='center', antialias=True, autoDraw=False, autoLog=True, bold=False, color=array([1., 1., 1.]), colorSpace='rgb', contrast=1.0, depth=0.0, draggable=False, flipHoriz=False, flipVert=False, font='Arial', fontFiles=[], height=np.float64(0.05), italic=False, languageStyle='LTR', name='thankyou', opacity=1, ori=0.0, pos=array([0., 0.]), rgb=UNKNOWN, text=str(...), units='height', win=Window(...), wrapWidth=1)
0.0225 	INFO 	Keyboard events cleared
0.0225 	EXP 	ins: autoDraw = True
17.7421 	EXP 	Device response: <KeyPress from None: t=17.73334800000157, value=space, duration=None>
17.7442 	EXP 	Imported /Users/ishapatel/Desktop/PSY310_Lab/psychopy1StroopTaskCond.xlsx as conditions, 4 conditions, 4 params
17.7471 	EXP 	New trial (rep=0, index=0): <Trial 0 (0 in rep 0) data={'word': 'BLUE', 'colour': 'red', 'stim_condition': 'I', 'correct_resp': 'r', 'thisN': 0, 'thisTrialN': 0, 'thisRepN': 0}>
17.7570 	DATA 	Keypress: space
17.7683 	EXP 	ins: autoDraw = False
17.7683 	EXP 	text: foreColor = <psychopy.colors.Color: red, alpha=1.0>
17.7683 	EXP 	text: height = np.float64(0.05)
17.7683 	EXP 	text: height = np.float64(0.05)
17.7683 	EXP 	text: height = np.float64(0.05)
17.7683 	EXP 	text: text = 'BLUE'
17.7683 	EXP 	fixation: autoDraw = True
17.9020 	EXP 	Device response: <KeyPress from None: t=17.73334800000157, value=space, duration=0.16225249999843072>
18.2348 	INFO 	Keyboard events cleared
18.2348 	EXP 	fixation: autoDraw = False
18.2348 	EXP 	text: autoDraw = True
19.1104 	DATA 	Keypress: r
19.1123 	EXP 	Device response: <KeyPress from None: t=19.105250958004035, value=r, duration=None>
19.1124 	EXP 	New trial (rep=0, index=1): <Trial 1 (1 in rep 0) data={'word': 'RED', 'colour': 'red', 'stim_condition': 'C', 'correct_resp': 'r', 'thisN': 1, 'thisTrialN': 1, 'thisRepN': 0}>
19.1177 	EXP 	fixation: autoDraw = False
19.1177 	EXP 	text: autoDraw = False
19.1177 	EXP 	text: foreColor = <psychopy.colors.Color: red, alpha=1.0>
19.1177 	EXP 	text: height = np.float64(0.05)
19.1177 	EXP 	text: height = np.float64(0.05)
19.1177 	EXP 	text: height = np.float64(0.05)
19.1177 	EXP 	text: text = 'RED'
19.1177 	EXP 	fixation: autoDraw = True
19.2270 	EXP 	Device response: <KeyPress from None: t=19.105250958004035, value=r, duration=0.12043320899829268>
19.6183 	INFO 	Keyboard events cleared
19.6183 	EXP 	fixation: autoDraw = False
19.6183 	EXP 	text: autoDraw = True
20.2480 	DATA 	Keypress: r
20.2508 	EXP 	Device response: <KeyPress from None: t=20.238172958001087, value=r, duration=None>
20.2509 	EXP 	New trial (rep=0, index=2): <Trial 2 (2 in rep 0) data={'word': 'BLUE', 'colour': 'blue', 'stim_condition': 'C', 'correct_resp': 'b', 'thisN': 2, 'thisTrialN': 2, 'thisRepN': 0}>
20.2596 	EXP 	fixation: autoDraw = False
20.2596 	EXP 	text: autoDraw = False
20.2596 	EXP 	text: foreColor = <psychopy.colors.Color: blue, alpha=1.0>
20.2596 	EXP 	text: height = np.float64(0.05)
20.2596 	EXP 	text: height = np.float64(0.05)
20.2596 	EXP 	text: height = np.float64(0.05)
20.2596 	EXP 	text: text = 'BLUE'
20.2596 	EXP 	fixation: autoDraw = True
20.3934 	EXP 	Device response: <KeyPress from None: t=20.238172958001087, value=r, duration=0.14837637500022538>
20.7428 	INFO 	Keyboard events cleared
20.7428 	EXP 	fixation: autoDraw = False
20.7428 	EXP 	text: autoDraw = True
21.3141 	DATA 	Keypress: b
21.3184 	EXP 	Device response: <KeyPress from None: t=21.31115325000428, value=b, duration=None>
21.3185 	EXP 	New trial (rep=0, index=3): <Trial 3 (3 in rep 0) data={'word': 'RED', 'colour': 'blue', 'stim_condition': 'I', 'correct_resp': 'b', 'thisN': 3, 'thisTrialN': 3, 'thisRepN': 0}>
21.3266 	EXP 	fixation: autoDraw = False
21.3266 	EXP 	text: autoDraw = False
21.3266 	EXP 	text: foreColor = <psychopy.colors.Color: blue, alpha=1.0>
21.3266 	EXP 	text: height = np.float64(0.05)
21.3266 	EXP 	text: height = np.float64(0.05)
21.3266 	EXP 	text: height = np.float64(0.05)
21.3266 	EXP 	text: text = 'RED'
21.3266 	EXP 	fixation: autoDraw = True
21.4264 	EXP 	Device response: <KeyPress from None: t=21.31115325000428, value=b, duration=0.10832595799729461>
21.8100 	INFO 	Keyboard events cleared
21.8099 	EXP 	fixation: autoDraw = False
21.8099 	EXP 	text: autoDraw = True
22.1844 	EXP 	Device response: <KeyPress from None: t=22.183140624998487, value=b, duration=None>
22.1845 	EXP 	New trial (rep=1, index=0): <Trial 4 (0 in rep 1) data={'word': 'BLUE', 'colour': 'blue', 'stim_condition': 'C', 'correct_resp': 'b', 'thisN': 4, 'thisTrialN': 0, 'thisRepN': 1}>
22.1866 	DATA 	Keypress: b
22.1930 	EXP 	fixation: autoDraw = False
22.1930 	EXP 	text: autoDraw = False
22.1930 	EXP 	text: foreColor = <psychopy.colors.Color: blue, alpha=1.0>
22.1930 	EXP 	text: height = np.float64(0.05)
22.1930 	EXP 	text: height = np.float64(0.05)
22.1930 	EXP 	text: height = np.float64(0.05)
22.1930 	EXP 	text: text = 'BLUE'
22.1930 	EXP 	fixation: autoDraw = True
22.2602 	EXP 	Device response: <KeyPress from None: t=22.183140624998487, value=b, duration=0.0722912500059465>
22.6767 	INFO 	Keyboard events cleared
22.6766 	EXP 	fixation: autoDraw = False
22.6766 	EXP 	text: autoDraw = True
22.9548 	DATA 	Keypress: b
22.9602 	EXP 	Device response: <KeyPress from None: t=22.952066958001524, value=b, duration=None>
22.9603 	EXP 	New trial (rep=1, index=1): <Trial 5 (1 in rep 1) data={'word': 'BLUE', 'colour': 'red', 'stim_condition': 'I', 'correct_resp': 'r', 'thisN': 5, 'thisTrialN': 1, 'thisRepN': 1}>
22.9680 	EXP 	fixation: autoDraw = False
22.9680 	EXP 	text: autoDraw = False
22.9680 	EXP 	text: foreColor = <psychopy.colors.Color: red, alpha=1.0>
22.9680 	EXP 	text: text = 'BLUE'
22.9680 	EXP 	fixation: autoDraw = True
23.0266 	EXP 	Device response: <KeyPress from None: t=22.952066958001524, value=b, duration=0.07234308400074951>
23.4516 	INFO 	Keyboard events cleared
23.4515 	EXP 	fixation: autoDraw = False
23.4515 	EXP 	text: autoDraw = True
23.7069 	DATA 	Keypress: r
23.7102 	EXP 	Device response: <KeyPress from None: t=23.704081083000347, value=r, duration=None>
23.7103 	EXP 	New trial (rep=1, index=2): <Trial 6 (2 in rep 1) data={'word': 'RED', 'colour': 'blue', 'stim_condition': 'I', 'correct_resp': 'b', 'thisN': 6, 'thisTrialN': 2, 'thisRepN': 1}>
23.7182 	EXP 	fixation: autoDraw = False
23.7182 	EXP 	text: autoDraw = False
23.7182 	EXP 	text: foreColor = <psychopy.colors.Color: blue, alpha=1.0>
23.7182 	EXP 	text: height = np.float64(0.05)
23.7182 	EXP 	text: height = np.float64(0.05)
23.7182 	EXP 	text: height = np.float64(0.05)
23.7182 	EXP 	text: text = 'RED'
23.7182 	EXP 	fixation: autoDraw = True
23.8017 	EXP 	Device response: <KeyPress from None: t=23.704081083000347, value=r, duration=0.09230550000211224>
24.2016 	INFO 	Keyboard events cleared
24.2015 	EXP 	fixation: autoDraw = False
24.2015 	EXP 	text: autoDraw = True
24.5497 	DATA 	Keypress: b
24.5522 	EXP 	Device response: <KeyPress from None: t=24.54703149999841, value=b, duration=None>
24.5523 	EXP 	New trial (rep=1, index=3): <Trial 7 (3 in rep 1) data={'word': 'RED', 'colour': 'red', 'stim_condition': 'C', 'correct_resp': 'r', 'thisN': 7, 'thisTrialN': 3, 'thisRepN': 1}>
24.5599 	EXP 	fixation: autoDraw = False
24.5599 	EXP 	text: autoDraw = False
24.5599 	EXP 	text: foreColor = <psychopy.colors.Color: red, alpha=1.0>
24.5599 	EXP 	text: text = 'RED'
24.5599 	EXP 	fixation: autoDraw = True
24.6517 	EXP 	Device response: <KeyPress from None: t=24.54703149999841, value=b, duration=0.09628954200161388>
25.0511 	INFO 	Keyboard events cleared
25.0511 	EXP 	fixation: autoDraw = False
25.0511 	EXP 	text: autoDraw = True
25.6017 	EXP 	Device response: <KeyPress from None: t=25.599014542000077, value=r, duration=None>
25.6018 	EXP 	New trial (rep=2, index=0): <Trial 8 (0 in rep 2) data={'word': 'RED', 'colour': 'blue', 'stim_condition': 'I', 'correct_resp': 'b', 'thisN': 8, 'thisTrialN': 0, 'thisRepN': 2}>
25.6024 	DATA 	Keypress: r
25.6098 	EXP 	fixation: autoDraw = False
25.6098 	EXP 	text: autoDraw = False
25.6098 	EXP 	text: foreColor = <psychopy.colors.Color: blue, alpha=1.0>
25.6098 	EXP 	text: text = 'RED'
25.6098 	EXP 	fixation: autoDraw = True
25.6932 	EXP 	Device response: <KeyPress from None: t=25.599014542000077, value=r, duration=0.09230945799936308>
26.0932 	INFO 	Keyboard events cleared
26.0932 	EXP 	fixation: autoDraw = False
26.0932 	EXP 	text: autoDraw = True
26.5880 	DATA 	Keypress: b
26.5928 	EXP 	Device response: <KeyPress from None: t=26.584967208000307, value=b, duration=None>
26.5929 	EXP 	New trial (rep=2, index=1): <Trial 9 (1 in rep 2) data={'word': 'RED', 'colour': 'red', 'stim_condition': 'C', 'correct_resp': 'r', 'thisN': 9, 'thisTrialN': 1, 'thisRepN': 2}>
26.6006 	EXP 	fixation: autoDraw = False
26.6006 	EXP 	text: autoDraw = False
26.6006 	EXP 	text: foreColor = <psychopy.colors.Color: red, alpha=1.0>
26.6006 	EXP 	text: text = 'RED'
26.6006 	EXP 	fixation: autoDraw = True
26.6841 	EXP 	Device response: <KeyPress from None: t=26.584967208000307, value=b, duration=0.09232104200054891>
27.0849 	INFO 	Keyboard events cleared
27.0849 	EXP 	fixation: autoDraw = False
27.0849 	EXP 	text: autoDraw = True
27.8889 	DATA 	Keypress: r
27.8934 	EXP 	Device response: <KeyPress from None: t=27.88593391700124, value=r, duration=None>
27.8934 	EXP 	New trial (rep=2, index=2): <Trial 10 (2 in rep 2) data={'word': 'BLUE', 'colour': 'red', 'stim_condition': 'I', 'correct_resp': 'r', 'thisN': 10, 'thisTrialN': 2, 'thisRepN': 2}>
27.9015 	EXP 	fixation: autoDraw = False
27.9015 	EXP 	text: autoDraw = False
27.9015 	EXP 	text: foreColor = <psychopy.colors.Color: red, alpha=1.0>
27.9015 	EXP 	text: height = np.float64(0.05)
27.9015 	EXP 	text: height = np.float64(0.05)
27.9015 	EXP 	text: height = np.float64(0.05)
27.9015 	EXP 	text: text = 'BLUE'
27.9015 	EXP 	fixation: autoDraw = True
27.9430 	EXP 	Device response: <KeyPress from None: t=27.88593391700124, value=r, duration=0.052284124998550396>
28.3849 	INFO 	Keyboard events cleared
28.3849 	EXP 	fixation: autoDraw = False
28.3849 	EXP 	text: autoDraw = True
28.8978 	DATA 	Keypress: r
28.9007 	EXP 	Device response: <KeyPress from None: t=28.894907125002646, value=r, duration=None>
28.9008 	EXP 	New trial (rep=2, index=3): <Trial 11 (3 in rep 2) data={'word': 'BLUE', 'colour': 'blue', 'stim_condition': 'C', 'correct_resp': 'b', 'thisN': 11, 'thisTrialN': 3, 'thisRepN': 2}>
28.9092 	EXP 	fixation: autoDraw = False
28.9092 	EXP 	text: autoDraw = False
28.9092 	EXP 	text: foreColor = <psychopy.colors.Color: blue, alpha=1.0>
28.9092 	EXP 	text: text = 'BLUE'
28.9092 	EXP 	fixation: autoDraw = True
29.0182 	EXP 	Device response: <KeyPress from None: t=28.894907125002646, value=r, duration=0.11627354200027185>
29.3932 	INFO 	Keyboard events cleared
29.3932 	EXP 	fixation: autoDraw = False
29.3932 	EXP 	text: autoDraw = True
30.4431 	EXP 	Device response: <KeyPress from None: t=30.438839750000625, value=b, duration=None>
30.4432 	EXP 	New trial (rep=3, index=0): <Trial 12 (0 in rep 3) data={'word': 'BLUE', 'colour': 'blue', 'stim_condition': 'C', 'correct_resp': 'b', 'thisN': 12, 'thisTrialN': 0, 'thisRepN': 3}>
30.4441 	DATA 	Keypress: b
30.4515 	EXP 	fixation: autoDraw = False
30.4515 	EXP 	text: autoDraw = False
30.4515 	EXP 	text: foreColor = <psychopy.colors.Color: blue, alpha=1.0>
30.4515 	EXP 	text: text = 'BLUE'
30.4515 	EXP 	fixation: autoDraw = True
30.5266 	EXP 	Device response: <KeyPress from None: t=30.438839750000625, value=b, duration=0.08427800000208663>
30.9347 	INFO 	Keyboard events cleared
30.9347 	EXP 	fixation: autoDraw = False
30.9347 	EXP 	text: autoDraw = True
31.3267 	EXP 	Device response: <KeyPress from None: t=31.32592229200236, value=b, duration=None>
31.3268 	EXP 	New trial (rep=3, index=1): <Trial 13 (1 in rep 3) data={'word': 'BLUE', 'colour': 'red', 'stim_condition': 'I', 'correct_resp': 'r', 'thisN': 13, 'thisTrialN': 1, 'thisRepN': 3}>
31.3294 	DATA 	Keypress: b
31.3347 	EXP 	fixation: autoDraw = False
31.3347 	EXP 	text: autoDraw = False
31.3347 	EXP 	text: foreColor = <psychopy.colors.Color: red, alpha=1.0>
31.3347 	EXP 	text: text = 'BLUE'
31.3347 	EXP 	fixation: autoDraw = True
31.4179 	EXP 	Device response: <KeyPress from None: t=31.32592229200236, value=b, duration=0.084156457996869>
31.8181 	INFO 	Keyboard events cleared
31.8180 	EXP 	fixation: autoDraw = False
31.8180 	EXP 	text: autoDraw = True
32.4184 	EXP 	Device response: <KeyPress from None: t=32.416915583002265, value=r, duration=None>
32.4184 	EXP 	New trial (rep=3, index=2): <Trial 14 (2 in rep 3) data={'word': 'RED', 'colour': 'blue', 'stim_condition': 'I', 'correct_resp': 'b', 'thisN': 14, 'thisTrialN': 2, 'thisRepN': 3}>
32.4204 	DATA 	Keypress: r
32.4263 	EXP 	fixation: autoDraw = False
32.4263 	EXP 	text: autoDraw = False
32.4263 	EXP 	text: foreColor = <psychopy.colors.Color: blue, alpha=1.0>
32.4263 	EXP 	text: height = np.float64(0.05)
32.4263 	EXP 	text: height = np.float64(0.05)
32.4263 	EXP 	text: height = np.float64(0.05)
32.4263 	EXP 	text: text = 'RED'
32.4263 	EXP 	fixation: autoDraw = True
32.5015 	EXP 	Device response: <KeyPress from None: t=32.416915583002265, value=r, duration=0.08015616700140527>
32.9097 	INFO 	Keyboard events cleared
32.9096 	EXP 	fixation: autoDraw = False
32.9096 	EXP 	text: autoDraw = True
33.8682 	EXP 	Device response: <KeyPress from None: t=33.867834707998554, value=b, duration=None>
33.8683 	EXP 	New trial (rep=3, index=3): <Trial 15 (3 in rep 3) data={'word': 'RED', 'colour': 'red', 'stim_condition': 'C', 'correct_resp': 'r', 'thisN': 15, 'thisTrialN': 3, 'thisRepN': 3}>
33.8713 	DATA 	Keypress: b
33.8765 	EXP 	fixation: autoDraw = False
33.8765 	EXP 	text: autoDraw = False
33.8765 	EXP 	text: foreColor = <psychopy.colors.Color: red, alpha=1.0>
33.8765 	EXP 	text: text = 'RED'
33.8765 	EXP 	fixation: autoDraw = True
33.9680 	EXP 	Device response: <KeyPress from None: t=33.867834707998554, value=b, duration=0.09618050000426592>
34.3592 	INFO 	Keyboard events cleared
34.3592 	EXP 	fixation: autoDraw = False
34.3592 	EXP 	text: autoDraw = True
35.2468 	DATA 	Keypress: r
35.2510 	EXP 	Device response: <KeyPress from None: t=35.24375037500431, value=r, duration=None>
35.2511 	EXP 	New trial (rep=4, index=0): <Trial 16 (0 in rep 4) data={'word': 'BLUE', 'colour': 'red', 'stim_condition': 'I', 'correct_resp': 'r', 'thisN': 16, 'thisTrialN': 0, 'thisRepN': 4}>
35.2596 	EXP 	fixation: autoDraw = False
35.2596 	EXP 	text: autoDraw = False
35.2596 	EXP 	text: foreColor = <psychopy.colors.Color: red, alpha=1.0>
35.2596 	EXP 	text: height = np.float64(0.05)
35.2596 	EXP 	text: height = np.float64(0.05)
35.2596 	EXP 	text: height = np.float64(0.05)
35.2596 	EXP 	text: text = 'BLUE'
35.2596 	EXP 	fixation: autoDraw = True
35.3264 	EXP 	Device response: <KeyPress from None: t=35.24375037500431, value=r, duration=0.0802034169973922>
35.7431 	INFO 	Keyboard events cleared
35.7431 	EXP 	fixation: autoDraw = False
35.7431 	EXP 	text: autoDraw = True
36.7792 	DATA 	Keypress: b
36.7847 	EXP 	Device response: <KeyPress from None: t=36.77658395800245, value=b, duration=None>
36.7847 	EXP 	New trial (rep=4, index=1): <Trial 17 (1 in rep 4) data={'word': 'BLUE', 'colour': 'blue', 'stim_condition': 'C', 'correct_resp': 'b', 'thisN': 17, 'thisTrialN': 1, 'thisRepN': 4}>
36.7927 	EXP 	fixation: autoDraw = False
36.7927 	EXP 	text: autoDraw = False
36.7927 	EXP 	text: foreColor = <psychopy.colors.Color: blue, alpha=1.0>
36.7927 	EXP 	text: text = 'BLUE'
36.7927 	EXP 	fixation: autoDraw = True
36.8929 	EXP 	Device response: <KeyPress from None: t=36.77658395800245, value=b, duration=0.11232958400069037>
37.2764 	INFO 	Keyboard events cleared
37.2764 	EXP 	fixation: autoDraw = False
37.2764 	EXP 	text: autoDraw = True
38.7929 	EXP 	Device response: <KeyPress from None: t=38.791539167003066, value=b, duration=None>
38.7929 	EXP 	New trial (rep=4, index=2): <Trial 18 (2 in rep 4) data={'word': 'RED', 'colour': 'blue', 'stim_condition': 'I', 'correct_resp': 'b', 'thisN': 18, 'thisTrialN': 2, 'thisRepN': 4}>
38.7949 	DATA 	Keypress: b
38.8009 	EXP 	fixation: autoDraw = False
38.8009 	EXP 	text: autoDraw = False
38.8009 	EXP 	text: foreColor = <psychopy.colors.Color: blue, alpha=1.0>
38.8009 	EXP 	text: height = np.float64(0.05)
38.8009 	EXP 	text: height = np.float64(0.05)
38.8009 	EXP 	text: height = np.float64(0.05)
38.8009 	EXP 	text: text = 'RED'
38.8009 	EXP 	fixation: autoDraw = True
38.8682 	EXP 	Device response: <KeyPress from None: t=38.791539167003066, value=b, duration=0.06827937499474501>
39.2842 	INFO 	Keyboard events cleared
39.2842 	EXP 	fixation: autoDraw = False
39.2842 	EXP 	text: autoDraw = True
41.0595 	EXP 	Device response: <KeyPress from None: t=41.05545045799954, value=b, duration=None>
41.0596 	EXP 	New trial (rep=4, index=3): <Trial 19 (3 in rep 4) data={'word': 'RED', 'colour': 'red', 'stim_condition': 'C', 'correct_resp': 'r', 'thisN': 19, 'thisTrialN': 3, 'thisRepN': 4}>
41.0604 	DATA 	Keypress: b
41.0679 	EXP 	fixation: autoDraw = False
41.0679 	EXP 	text: autoDraw = False
41.0679 	EXP 	text: foreColor = <psychopy.colors.Color: red, alpha=1.0>
41.0679 	EXP 	text: text = 'RED'
41.0679 	EXP 	fixation: autoDraw = True
41.1342 	EXP 	Device response: <KeyPress from None: t=41.05545045799954, value=b, duration=0.07630220900318818>
41.5513 	INFO 	Keyboard events cleared
41.5513 	EXP 	fixation: autoDraw = False
41.5513 	EXP 	text: autoDraw = True
42.2322 	DATA 	Keypress: r
42.2349 	EXP 	Device response: <KeyPress from None: t=42.22940429200389, value=r, duration=None>
42.2349 	EXP 	New trial (rep=5, index=0): <Trial 20 (0 in rep 5) data={'word': 'RED', 'colour': 'red', 'stim_condition': 'C', 'correct_resp': 'r', 'thisN': 20, 'thisTrialN': 0, 'thisRepN': 5}>
42.2430 	EXP 	fixation: autoDraw = False
42.2430 	EXP 	text: autoDraw = False
42.2430 	EXP 	text: foreColor = <psychopy.colors.Color: red, alpha=1.0>
42.2430 	EXP 	text: text = 'RED'
42.2430 	EXP 	fixation: autoDraw = True
42.3431 	EXP 	Device response: <KeyPress from None: t=42.22940429200389, value=r, duration=0.10830683299718658>
42.7264 	INFO 	Keyboard events cleared
42.7263 	EXP 	fixation: autoDraw = False
42.7263 	EXP 	text: autoDraw = True
43.6124 	DATA 	Keypress: r
43.6178 	EXP 	Device response: <KeyPress from None: t=43.609341542003676, value=r, duration=None>
43.6179 	EXP 	New trial (rep=5, index=1): <Trial 21 (1 in rep 5) data={'word': 'BLUE', 'colour': 'blue', 'stim_condition': 'C', 'correct_resp': 'b', 'thisN': 21, 'thisTrialN': 1, 'thisRepN': 5}>
43.6258 	EXP 	fixation: autoDraw = False
43.6258 	EXP 	text: autoDraw = False
43.6258 	EXP 	text: foreColor = <psychopy.colors.Color: blue, alpha=1.0>
43.6258 	EXP 	text: height = np.float64(0.05)
43.6258 	EXP 	text: height = np.float64(0.05)
43.6258 	EXP 	text: height = np.float64(0.05)
43.6258 	EXP 	text: text = 'BLUE'
43.6258 	EXP 	fixation: autoDraw = True
43.7176 	EXP 	Device response: <KeyPress from None: t=43.609341542003676, value=r, duration=0.10029574999498436>
44.1097 	INFO 	Keyboard events cleared
44.1096 	EXP 	fixation: autoDraw = False
44.1096 	EXP 	text: autoDraw = True
45.1369 	DATA 	Keypress: b
45.1432 	EXP 	Device response: <KeyPress from None: t=45.13428904199827, value=b, duration=None>
45.1433 	EXP 	New trial (rep=5, index=2): <Trial 22 (2 in rep 5) data={'word': 'BLUE', 'colour': 'red', 'stim_condition': 'I', 'correct_resp': 'r', 'thisN': 22, 'thisTrialN': 2, 'thisRepN': 5}>
45.1514 	EXP 	fixation: autoDraw = False
45.1514 	EXP 	text: autoDraw = False
45.1514 	EXP 	text: foreColor = <psychopy.colors.Color: red, alpha=1.0>
45.1514 	EXP 	text: text = 'BLUE'
45.1514 	EXP 	fixation: autoDraw = True
45.2096 	EXP 	Device response: <KeyPress from None: t=45.13428904199827, value=b, duration=0.0723188750052941>
45.6346 	INFO 	Keyboard events cleared
45.6345 	EXP 	fixation: autoDraw = False
45.6345 	EXP 	text: autoDraw = True
46.6424 	EXP 	Device response: <KeyPress from None: t=46.64131925000402, value=r, duration=None>
46.6425 	EXP 	New trial (rep=5, index=3): <Trial 23 (3 in rep 5) data={'word': 'RED', 'colour': 'blue', 'stim_condition': 'I', 'correct_resp': 'b', 'thisN': 23, 'thisTrialN': 3, 'thisRepN': 5}>
46.6441 	DATA 	Keypress: r
46.6503 	EXP 	fixation: autoDraw = False
46.6503 	EXP 	text: autoDraw = False
46.6503 	EXP 	text: foreColor = <psychopy.colors.Color: blue, alpha=1.0>
46.6503 	EXP 	text: height = np.float64(0.05)
46.6503 	EXP 	text: height = np.float64(0.05)
46.6503 	EXP 	text: height = np.float64(0.05)
46.6503 	EXP 	text: text = 'RED'
46.6503 	EXP 	fixation: autoDraw = True
46.7432 	EXP 	Device response: <KeyPress from None: t=46.64131925000402, value=r, duration=0.10042804199474631>
47.1341 	INFO 	Keyboard events cleared
47.1341 	EXP 	fixation: autoDraw = False
47.1341 	EXP 	text: autoDraw = True
48.2731 	DATA 	Keypress: b
48.2763 	EXP 	Device response: <KeyPress from None: t=48.27115629200125, value=b, duration=None>
48.2764 	EXP 	New trial (rep=6, index=0): <Trial 24 (0 in rep 6) data={'word': 'BLUE', 'colour': 'red', 'stim_condition': 'I', 'correct_resp': 'r', 'thisN': 24, 'thisTrialN': 0, 'thisRepN': 6}>
48.2842 	EXP 	fixation: autoDraw = False
48.2842 	EXP 	text: autoDraw = False
48.2842 	EXP 	text: foreColor = <psychopy.colors.Color: red, alpha=1.0>
48.2842 	EXP 	text: height = np.float64(0.05)
48.2842 	EXP 	text: height = np.float64(0.05)
48.2842 	EXP 	text: height = np.float64(0.05)
48.2842 	EXP 	text: text = 'BLUE'
48.2842 	EXP 	fixation: autoDraw = True
48.3591 	EXP 	Device response: <KeyPress from None: t=48.27115629200125, value=b, duration=0.08031095800106414>
48.7674 	INFO 	Keyboard events cleared
48.7674 	EXP 	fixation: autoDraw = False
48.7674 	EXP 	text: autoDraw = True
49.9241 	DATA 	Keypress: r
49.9268 	EXP 	Device response: <KeyPress from None: t=49.92109987499862, value=r, duration=None>
49.9269 	EXP 	New trial (rep=6, index=1): <Trial 25 (1 in rep 6) data={'word': 'BLUE', 'colour': 'blue', 'stim_condition': 'C', 'correct_resp': 'b', 'thisN': 25, 'thisTrialN': 1, 'thisRepN': 6}>
49.9340 	EXP 	fixation: autoDraw = False
49.9340 	EXP 	text: autoDraw = False
49.9340 	EXP 	text: foreColor = <psychopy.colors.Color: blue, alpha=1.0>
49.9340 	EXP 	text: text = 'BLUE'
49.9340 	EXP 	fixation: autoDraw = True
50.0512 	EXP 	Device response: <KeyPress from None: t=49.92109987499862, value=r, duration=0.12454083299962804>
50.4259 	INFO 	Keyboard events cleared
50.4258 	EXP 	fixation: autoDraw = False
50.4258 	EXP 	text: autoDraw = True
51.2343 	EXP 	Device response: <KeyPress from None: t=51.23326425000414, value=b, duration=None>
51.2344 	EXP 	New trial (rep=6, index=2): <Trial 26 (2 in rep 6) data={'word': 'RED', 'colour': 'red', 'stim_condition': 'C', 'correct_resp': 'r', 'thisN': 26, 'thisTrialN': 2, 'thisRepN': 6}>
51.2375 	DATA 	Keypress: b
51.2425 	EXP 	fixation: autoDraw = False
51.2425 	EXP 	text: autoDraw = False
51.2425 	EXP 	text: foreColor = <psychopy.colors.Color: red, alpha=1.0>
51.2425 	EXP 	text: height = np.float64(0.05)
51.2425 	EXP 	text: height = np.float64(0.05)
51.2425 	EXP 	text: height = np.float64(0.05)
51.2425 	EXP 	text: text = 'RED'
51.2425 	EXP 	fixation: autoDraw = True
51.3093 	EXP 	Device response: <KeyPress from None: t=51.23326425000414, value=b, duration=0.06807812499755528>
51.7260 	INFO 	Keyboard events cleared
51.7260 	EXP 	fixation: autoDraw = False
51.7260 	EXP 	text: autoDraw = True
52.3485 	DATA 	Keypress: r
52.3512 	EXP 	Device response: <KeyPress from None: t=52.34601808300067, value=r, duration=None>
52.3513 	EXP 	New trial (rep=6, index=3): <Trial 27 (3 in rep 6) data={'word': 'RED', 'colour': 'blue', 'stim_condition': 'I', 'correct_resp': 'b', 'thisN': 27, 'thisTrialN': 3, 'thisRepN': 6}>
52.3591 	EXP 	fixation: autoDraw = False
52.3591 	EXP 	text: autoDraw = False
52.3591 	EXP 	text: foreColor = <psychopy.colors.Color: blue, alpha=1.0>
52.3591 	EXP 	text: text = 'RED'
52.3591 	EXP 	fixation: autoDraw = True
52.4677 	EXP 	Device response: <KeyPress from None: t=52.34601808300067, value=r, duration=0.11707412500254577>
52.8424 	INFO 	Keyboard events cleared
52.8424 	EXP 	fixation: autoDraw = False
52.8424 	EXP 	text: autoDraw = True
53.4050 	DATA 	Keypress: b
53.4093 	EXP 	Device response: <KeyPress from None: t=53.4019809579986, value=b, duration=None>
53.4094 	EXP 	New trial (rep=7, index=0): <Trial 28 (0 in rep 7) data={'word': 'RED', 'colour': 'blue', 'stim_condition': 'I', 'correct_resp': 'b', 'thisN': 28, 'thisTrialN': 0, 'thisRepN': 7}>
53.4174 	EXP 	fixation: autoDraw = False
53.4174 	EXP 	text: autoDraw = False
53.4174 	EXP 	text: foreColor = <psychopy.colors.Color: blue, alpha=1.0>
53.4174 	EXP 	text: text = 'RED'
53.4174 	EXP 	fixation: autoDraw = True
53.4842 	EXP 	Device response: <KeyPress from None: t=53.4019809579986, value=b, duration=0.07629612500022631>
53.9012 	INFO 	Keyboard events cleared
53.9011 	EXP 	fixation: autoDraw = False
53.9011 	EXP 	text: autoDraw = True
54.5345 	EXP 	Device response: <KeyPress from None: t=54.531580708004185, value=b, duration=None>
54.5346 	EXP 	New trial (rep=7, index=1): <Trial 29 (1 in rep 7) data={'word': 'BLUE', 'colour': 'blue', 'stim_condition': 'C', 'correct_resp': 'b', 'thisN': 29, 'thisTrialN': 1, 'thisRepN': 7}>
54.5358 	DATA 	Keypress: b
54.5425 	EXP 	fixation: autoDraw = False
54.5425 	EXP 	text: autoDraw = False
54.5425 	EXP 	text: foreColor = <psychopy.colors.Color: blue, alpha=1.0>
54.5425 	EXP 	text: height = np.float64(0.05)
54.5425 	EXP 	text: height = np.float64(0.05)
54.5425 	EXP 	text: height = np.float64(0.05)
54.5425 	EXP 	text: text = 'BLUE'
54.5425 	EXP 	fixation: autoDraw = True
54.6342 	EXP 	Device response: <KeyPress from None: t=54.531580708004185, value=b, duration=0.09567941699788207>
55.0260 	INFO 	Keyboard events cleared
55.0260 	EXP 	fixation: autoDraw = False
55.0260 	EXP 	text: autoDraw = True
55.6542 	DATA 	Keypress: b
55.6593 	EXP 	Device response: <KeyPress from None: t=55.65094612500252, value=b, duration=None>
55.6594 	EXP 	New trial (rep=7, index=2): <Trial 30 (2 in rep 7) data={'word': 'BLUE', 'colour': 'red', 'stim_condition': 'I', 'correct_resp': 'r', 'thisN': 30, 'thisTrialN': 2, 'thisRepN': 7}>
55.6675 	EXP 	fixation: autoDraw = False
55.6675 	EXP 	text: autoDraw = False
55.6675 	EXP 	text: foreColor = <psychopy.colors.Color: red, alpha=1.0>
55.6675 	EXP 	text: text = 'BLUE'
55.6675 	EXP 	fixation: autoDraw = True
55.7509 	EXP 	Device response: <KeyPress from None: t=55.65094612500252, value=b, duration=0.09227049999753945>
56.1506 	INFO 	Keyboard events cleared
56.1506 	EXP 	fixation: autoDraw = False
56.1506 	EXP 	text: autoDraw = True
56.7647 	DATA 	Keypress: r
56.7676 	EXP 	Device response: <KeyPress from None: t=56.76186591700389, value=r, duration=None>
56.7677 	EXP 	New trial (rep=7, index=3): <Trial 31 (3 in rep 7) data={'word': 'RED', 'colour': 'red', 'stim_condition': 'C', 'correct_resp': 'r', 'thisN': 31, 'thisTrialN': 3, 'thisRepN': 7}>
56.7757 	EXP 	fixation: autoDraw = False
56.7757 	EXP 	text: autoDraw = False
56.7757 	EXP 	text: foreColor = <psychopy.colors.Color: red, alpha=1.0>
56.7757 	EXP 	text: height = np.float64(0.05)
56.7757 	EXP 	text: height = np.float64(0.05)
56.7757 	EXP 	text: height = np.float64(0.05)
56.7757 	EXP 	text: text = 'RED'
56.7757 	EXP 	fixation: autoDraw = True
56.8593 	EXP 	Device response: <KeyPress from None: t=56.76186591700389, value=r, duration=0.09627016599552007>
57.2593 	INFO 	Keyboard events cleared
57.2593 	EXP 	fixation: autoDraw = False
57.2593 	EXP 	text: autoDraw = True
57.8909 	DATA 	Keypress: r
57.8936 	EXP 	Device response: <KeyPress from None: t=57.887794542002666, value=r, duration=None>
57.8936 	EXP 	New trial (rep=8, index=0): <Trial 32 (0 in rep 8) data={'word': 'RED', 'colour': 'blue', 'stim_condition': 'I', 'correct_resp': 'b', 'thisN': 32, 'thisTrialN': 0, 'thisRepN': 8}>
57.9010 	EXP 	fixation: autoDraw = False
57.9010 	EXP 	text: autoDraw = False
57.9010 	EXP 	text: foreColor = <psychopy.colors.Color: blue, alpha=1.0>
57.9010 	EXP 	text: text = 'RED'
57.9010 	EXP 	fixation: autoDraw = True
57.9925 	EXP 	Device response: <KeyPress from None: t=57.887794542002666, value=r, duration=0.10031758299737703>
58.3925 	INFO 	Keyboard events cleared
58.3925 	EXP 	fixation: autoDraw = False
58.3925 	EXP 	text: autoDraw = True
59.0059 	DATA 	Keypress: b
59.0097 	EXP 	Device response: <KeyPress from None: t=59.00278987499769, value=b, duration=None>
59.0097 	EXP 	New trial (rep=8, index=1): <Trial 33 (1 in rep 8) data={'word': 'BLUE', 'colour': 'red', 'stim_condition': 'I', 'correct_resp': 'r', 'thisN': 33, 'thisTrialN': 1, 'thisRepN': 8}>
59.0173 	EXP 	fixation: autoDraw = False
59.0173 	EXP 	text: autoDraw = False
59.0173 	EXP 	text: foreColor = <psychopy.colors.Color: red, alpha=1.0>
59.0173 	EXP 	text: height = np.float64(0.05)
59.0173 	EXP 	text: height = np.float64(0.05)
59.0173 	EXP 	text: height = np.float64(0.05)
59.0173 	EXP 	text: text = 'BLUE'
59.0173 	EXP 	fixation: autoDraw = True
59.1009 	EXP 	Device response: <KeyPress from None: t=59.00278987499769, value=b, duration=0.09231504200579366>
59.5006 	INFO 	Keyboard events cleared
59.5006 	EXP 	fixation: autoDraw = False
59.5006 	EXP 	text: autoDraw = True
60.1594 	EXP 	Device response: <KeyPress from None: t=60.15674145799858, value=r, duration=None>
60.1595 	EXP 	New trial (rep=8, index=2): <Trial 34 (2 in rep 8) data={'word': 'RED', 'colour': 'red', 'stim_condition': 'C', 'correct_resp': 'r', 'thisN': 34, 'thisTrialN': 2, 'thisRepN': 8}>
60.1608 	DATA 	Keypress: r
60.1674 	EXP 	fixation: autoDraw = False
60.1674 	EXP 	text: autoDraw = False
60.1674 	EXP 	text: foreColor = <psychopy.colors.Color: red, alpha=1.0>
60.1674 	EXP 	text: height = np.float64(0.05)
60.1674 	EXP 	text: height = np.float64(0.05)
60.1674 	EXP 	text: height = np.float64(0.05)
60.1674 	EXP 	text: text = 'RED'
60.1674 	EXP 	fixation: autoDraw = True
60.3008 	EXP 	Device response: <KeyPress from None: t=60.15674145799858, value=r, duration=0.13630237500183284>
60.6510 	INFO 	Keyboard events cleared
60.6509 	EXP 	fixation: autoDraw = False
60.6509 	EXP 	text: autoDraw = True
61.2796 	DATA 	Keypress: r
61.2841 	EXP 	Device response: <KeyPress from None: t=61.27668383299897, value=r, duration=None>
61.2842 	EXP 	New trial (rep=8, index=3): <Trial 35 (3 in rep 8) data={'word': 'BLUE', 'colour': 'blue', 'stim_condition': 'C', 'correct_resp': 'b', 'thisN': 35, 'thisTrialN': 3, 'thisRepN': 8}>
61.2923 	EXP 	fixation: autoDraw = False
61.2923 	EXP 	text: autoDraw = False
61.2923 	EXP 	text: foreColor = <psychopy.colors.Color: blue, alpha=1.0>
61.2923 	EXP 	text: height = np.float64(0.05)
61.2923 	EXP 	text: height = np.float64(0.05)
61.2923 	EXP 	text: height = np.float64(0.05)
61.2923 	EXP 	text: text = 'BLUE'
61.2923 	EXP 	fixation: autoDraw = True
61.4007 	EXP 	Device response: <KeyPress from None: t=61.27668383299897, value=r, duration=0.11629650000395486>
61.7758 	INFO 	Keyboard events cleared
61.7758 	EXP 	fixation: autoDraw = False
61.7758 	EXP 	text: autoDraw = True
62.2924 	EXP 	Device response: <KeyPress from None: t=62.28864691700437, value=b, duration=None>
62.2925 	EXP 	New trial (rep=9, index=0): <Trial 36 (0 in rep 9) data={'word': 'BLUE', 'colour': 'blue', 'stim_condition': 'C', 'correct_resp': 'b', 'thisN': 36, 'thisTrialN': 0, 'thisRepN': 9}>
62.2932 	DATA 	Keypress: b
62.3008 	EXP 	fixation: autoDraw = False
62.3008 	EXP 	text: autoDraw = False
62.3008 	EXP 	text: foreColor = <psychopy.colors.Color: blue, alpha=1.0>
62.3008 	EXP 	text: text = 'BLUE'
62.3008 	EXP 	fixation: autoDraw = True
62.4345 	EXP 	Device response: <KeyPress from None: t=62.28864691700437, value=b, duration=0.14028854099888122>
62.7841 	INFO 	Keyboard events cleared
62.7841 	EXP 	fixation: autoDraw = False
62.7841 	EXP 	text: autoDraw = True
63.6093 	EXP 	Device response: <KeyPress from None: t=63.60773475000315, value=b, duration=None>
63.6094 	EXP 	New trial (rep=9, index=1): <Trial 37 (1 in rep 9) data={'word': 'BLUE', 'colour': 'red', 'stim_condition': 'I', 'correct_resp': 'r', 'thisN': 37, 'thisTrialN': 1, 'thisRepN': 9}>
63.6122 	DATA 	Keypress: b
63.6173 	EXP 	fixation: autoDraw = False
63.6173 	EXP 	text: autoDraw = False
63.6173 	EXP 	text: foreColor = <psychopy.colors.Color: red, alpha=1.0>
63.6173 	EXP 	text: text = 'BLUE'
63.6173 	EXP 	fixation: autoDraw = True
63.6924 	EXP 	Device response: <KeyPress from None: t=63.60773475000315, value=b, duration=0.08434191699780058>
64.1008 	INFO 	Keyboard events cleared
64.1007 	EXP 	fixation: autoDraw = False
64.1007 	EXP 	text: autoDraw = True
64.6595 	EXP 	Device response: <KeyPress from None: t=64.65653712500352, value=r, duration=None>
64.6595 	EXP 	New trial (rep=9, index=2): <Trial 38 (2 in rep 9) data={'word': 'RED', 'colour': 'blue', 'stim_condition': 'I', 'correct_resp': 'b', 'thisN': 38, 'thisTrialN': 2, 'thisRepN': 9}>
64.6610 	DATA 	Keypress: r
64.6670 	EXP 	fixation: autoDraw = False
64.6670 	EXP 	text: autoDraw = False
64.6670 	EXP 	text: foreColor = <psychopy.colors.Color: blue, alpha=1.0>
64.6670 	EXP 	text: height = np.float64(0.05)
64.6670 	EXP 	text: height = np.float64(0.05)
64.6670 	EXP 	text: height = np.float64(0.05)
64.6670 	EXP 	text: text = 'RED'
64.6670 	EXP 	fixation: autoDraw = True
64.8008 	EXP 	Device response: <KeyPress from None: t=64.65653712500352, value=r, duration=0.14031954199890606>
65.1507 	INFO 	Keyboard events cleared
65.1507 	EXP 	fixation: autoDraw = False
65.1507 	EXP 	text: autoDraw = True
65.9037 	DATA 	Keypress: b
65.9094 	EXP 	Device response: <KeyPress from None: t=65.90053812500264, value=b, duration=None>
65.9095 	EXP 	New trial (rep=9, index=3): <Trial 39 (3 in rep 9) data={'word': 'RED', 'colour': 'red', 'stim_condition': 'C', 'correct_resp': 'r', 'thisN': 39, 'thisTrialN': 3, 'thisRepN': 9}>
65.9174 	EXP 	fixation: autoDraw = False
65.9174 	EXP 	text: autoDraw = False
65.9174 	EXP 	text: foreColor = <psychopy.colors.Color: red, alpha=1.0>
65.9174 	EXP 	text: text = 'RED'
65.9174 	EXP 	fixation: autoDraw = True
66.0090 	EXP 	Device response: <KeyPress from None: t=65.90053812500264, value=b, duration=0.10029516700160457>
66.4005 	INFO 	Keyboard events cleared
66.4005 	EXP 	fixation: autoDraw = False
66.4005 	EXP 	text: autoDraw = True
67.0199 	DATA 	Keypress: r
67.0259 	EXP 	Device response: <KeyPress from None: t=67.01747299999988, value=r, duration=None>
67.0339 	EXP 	fixation: autoDraw = False
67.0339 	EXP 	text: autoDraw = False
67.0339 	EXP 	thankyou: autoDraw = True
67.1840 	EXP 	Device response: <KeyPress from None: t=67.01747299999988, value=r, duration=0.16031695800484158>
69.0257 	EXP 	thankyou: autoDraw = False
69.0257 	EXP 	thankyou: autoDraw = False
69.0257 	EXP 	Stroop2: status = STOPPED
69.0291 	INFO 	saved data to '/Users/ishapatel/Desktop/PSY310_Lab/data/I_Stroop2_2026-09-06_17h55.13.785.csv'
69.0294 	INFO 	saved data to /Users/ishapatel/Desktop/PSY310_Lab/data/I_Stroop2_2026-09-06_17h55.13.785.psydat
69.1272 	INFO 	Stopping keyboard key buffers.
